Command line invocation:
    /Applications/Xcode.app/Contents/Developer/usr/bin/xcodebuild -scheme Argus -destination "platform=iOS Simulator,id=DD439625-C73D-4D1A-9E8F-E99ADEE93CA0" build

Resolve Package Graph


Resolved source packages:
  SwiftyMarkdown: https://github.com/SimonFairbairn/SwiftyMarkdown.git @ 1.2.4

--- xcodebuild: WARNING: Using the first of multiple matching destinations:
{ platform:iOS Simulator, arch:arm64, id:DD439625-C73D-4D1A-9E8F-E99ADEE93CA0, OS:18.2, name:iPhone 16 Pro }
{ platform:iOS Simulator, arch:x86_64, id:DD439625-C73D-4D1A-9E8F-E99ADEE93CA0, OS:18.2, name:iPhone 16 Pro }
ComputePackagePrebuildTargetDependencyGraph

Prepare packages

CreateBuildRequest

SendProjectDescription

CreateBuildOperation

ComputeTargetDependencyGraph
note: Building targets in dependency order
note: Target dependency graph (3 targets)
    Target 'Argus' in project 'Argus'
        ➜ Explicit dependency on target 'SwiftyMarkdown' in project 'SwiftyMarkdown'
    Target 'SwiftyMarkdown' in project 'SwiftyMarkdown'
        ➜ Explicit dependency on target 'SwiftyMarkdown' in project 'SwiftyMarkdown'
    Target 'SwiftyMarkdown' in project 'SwiftyMarkdown' (no dependencies)

GatherProvisioningInputs

CreateBuildDescription

ExecuteExternalTool /Applications/Xcode.app/Contents/Developer/Toolchains/XcodeDefault.xctoolchain/usr/bin/clang -v -E -dM -isysroot /Applications/Xcode.app/Contents/Developer/Platforms/iPhoneSimulator.platform/Developer/SDKs/iPhoneSimulator26.0.sdk -x c -c /dev/null

ExecuteExternalTool /Applications/Xcode.app/Contents/Developer/Toolchains/XcodeDefault.xctoolchain/usr/bin/swiftc --version

ExecuteExternalTool /Applications/Xcode.app/Contents/Developer/usr/bin/actool --print-asset-tag-combinations --output-format xml1 /Users/jandrews/devel/swift/Argus-app/Argus/Preview Content/Preview Assets.xcassets /Users/jandrews/devel/swift/Argus-app/Argus/Assets.xcassets

ExecuteExternalTool /Applications/Xcode.app/Contents/Developer/usr/bin/actool --version --output-format xml1

ExecuteExternalTool /Applications/Xcode.app/Contents/Developer/Toolchains/XcodeDefault.xctoolchain/usr/bin/ld -version_details

Build description signature: b0c295d46d88f2910a54d63c07dad870
Build description path: /Users/jandrews/Library/Developer/Xcode/DerivedData/Argus-dciofsjewcrtqnafhqonvosebghg/Build/Intermediates.noindex/XCBuildData/b0c295d46d88f2910a54d63c07dad870.xcbuilddata
ClangStatCache /Applications/Xcode.app/Contents/Developer/Toolchains/XcodeDefault.xctoolchain/usr/bin/clang-stat-cache /Applications/Xcode.app/Contents/Developer/Platforms/iPhoneSimulator.platform/Developer/SDKs/iPhoneSimulator26.0.sdk /Users/jandrews/Library/Developer/Xcode/DerivedData/SDKStatCaches.noindex/iphonesimulator26.0-23A339-26257891a6c027eb51374368541b8346.sdkstatcache
    cd /Users/jandrews/devel/swift/Argus-app/Argus.xcodeproj
    /Applications/Xcode.app/Contents/Developer/Toolchains/XcodeDefault.xctoolchain/usr/bin/clang-stat-cache /Applications/Xcode.app/Contents/Developer/Platforms/iPhoneSimulator.platform/Developer/SDKs/iPhoneSimulator26.0.sdk -o /Users/jandrews/Library/Developer/Xcode/DerivedData/SDKStatCaches.noindex/iphonesimulator26.0-23A339-26257891a6c027eb51374368541b8346.sdkstatcache

note: Disabling hardened runtime with ad-hoc codesigning. (in target 'Argus' from project 'Argus')
SwiftDriver Argus normal arm64 com.apple.xcode.tools.swift.compiler (in target 'Argus' from project 'Argus')
    cd /Users/jandrews/devel/swift/Argus-app
    builtin-SwiftDriver -- /Applications/Xcode.app/Contents/Developer/Toolchains/XcodeDefault.xctoolchain/usr/bin/swiftc -module-name Argus -Onone -enforce-exclusivity\=checked @/Users/jandrews/Library/Developer/Xcode/DerivedData/Argus-dciofsjewcrtqnafhqonvosebghg/Build/Intermediates.noindex/Argus.build/Debug-iphonesimulator/Argus.build/Objects-normal/arm64/Argus.SwiftFileList -DDEBUG -enable-bare-slash-regex -enable-experimental-feature DebugDescriptionMacro -sdk /Applications/Xcode.app/Contents/Developer/Platforms/iPhoneSimulator.platform/Developer/SDKs/iPhoneSimulator26.0.sdk -target arm64-apple-ios18.2-simulator -g -module-cache-path /Users/jandrews/Library/Developer/Xcode/DerivedData/ModuleCache.noindex -Xfrontend -serialize-debugging-options -profile-coverage-mapping -profile-generate -enable-testing -index-store-path /Users/jandrews/Library/Developer/Xcode/DerivedData/Argus-dciofsjewcrtqnafhqonvosebghg/Index.noindex/DataStore -Xcc -D_LIBCPP_HARDENING_MODE\=_LIBCPP_HARDENING_MODE_DEBUG -swift-version 5 -I /Users/jandrews/Library/Developer/Xcode/DerivedData/Argus-dciofsjewcrtqnafhqonvosebghg/Build/Products/Debug-iphonesimulator -F /Users/jandrews/Library/Developer/Xcode/DerivedData/Argus-dciofsjewcrtqnafhqonvosebghg/Build/Products/Debug-iphonesimulator/PackageFrameworks -F /Users/jandrews/Library/Developer/Xcode/DerivedData/Argus-dciofsjewcrtqnafhqonvosebghg/Build/Products/Debug-iphonesimulator -emit-localized-strings -emit-localized-strings-path /Users/jandrews/Library/Developer/Xcode/DerivedData/Argus-dciofsjewcrtqnafhqonvosebghg/Build/Intermediates.noindex/Argus.build/Debug-iphonesimulator/Argus.build/Objects-normal/arm64 -c -j16 -enable-batch-mode -incremental -Xcc -ivfsstatcache -Xcc /Users/jandrews/Library/Developer/Xcode/DerivedData/SDKStatCaches.noindex/iphonesimulator26.0-23A339-26257891a6c027eb51374368541b8346.sdkstatcache -output-file-map /Users/jandrews/Library/Developer/Xcode/DerivedData/Argus-dciofsjewcrtqnafhqonvosebghg/Build/Intermediates.noindex/Argus.build/Debug-iphonesimulator/Argus.build/Objects-normal/arm64/Argus-OutputFileMap.json -use-frontend-parseable-output -save-temps -no-color-diagnostics -explicit-module-build -module-cache-path /Users/jandrews/Library/Developer/Xcode/DerivedData/Argus-dciofsjewcrtqnafhqonvosebghg/Build/Intermediates.noindex/SwiftExplicitPrecompiledModules -clang-scanner-module-cache-path /Users/jandrews/Library/Developer/Xcode/DerivedData/ModuleCache.noindex -sdk-module-cache-path /Users/jandrews/Library/Developer/Xcode/DerivedData/ModuleCache.noindex -serialize-diagnostics -emit-dependencies -emit-module -emit-module-path /Users/jandrews/Library/Developer/Xcode/DerivedData/Argus-dciofsjewcrtqnafhqonvosebghg/Build/Intermediates.noindex/Argus.build/Debug-iphonesimulator/Argus.build/Objects-normal/arm64/Argus.swiftmodule -validate-clang-modules-once -clang-build-session-file /Users/jandrews/Library/Developer/Xcode/DerivedData/ModuleCache.noindex/Session.modulevalidation -Xcc -I/Users/jandrews/Library/Developer/Xcode/DerivedData/Argus-dciofsjewcrtqnafhqonvosebghg/Build/Intermediates.noindex/Argus.build/Debug-iphonesimulator/Argus.build/swift-overrides.hmap -emit-const-values -Xfrontend -const-gather-protocols-file -Xfrontend /Users/jandrews/Library/Developer/Xcode/DerivedData/Argus-dciofsjewcrtqnafhqonvosebghg/Build/Intermediates.noindex/Argus.build/Debug-iphonesimulator/Argus.build/Objects-normal/arm64/Argus_const_extract_protocols.json -Xcc -iquote -Xcc /Users/jandrews/Library/Developer/Xcode/DerivedData/Argus-dciofsjewcrtqnafhqonvosebghg/Build/Intermediates.noindex/Argus.build/Debug-iphonesimulator/Argus.build/Argus-generated-files.hmap -Xcc -I/Users/jandrews/Library/Developer/Xcode/DerivedData/Argus-dciofsjewcrtqnafhqonvosebghg/Build/Intermediates.noindex/Argus.build/Debug-iphonesimulator/Argus.build/Argus-own-target-headers.hmap -Xcc -I/Users/jandrews/Library/Developer/Xcode/DerivedData/Argus-dciofsjewcrtqnafhqonvosebghg/Build/Intermediates.noindex/Argus.build/Debug-iphonesimulator/Argus.build/Argus-all-non-framework-target-headers.hmap -Xcc -ivfsoverlay -Xcc /Users/jandrews/Library/Developer/Xcode/DerivedData/Argus-dciofsjewcrtqnafhqonvosebghg/Build/Intermediates.noindex/Argus.build/Debug-iphonesimulator/Argus-d16f32cc8be5b21acd5f474e97425566-VFS-iphonesimulator/all-product-headers.yaml -Xcc -iquote -Xcc /Users/jandrews/Library/Developer/Xcode/DerivedData/Argus-dciofsjewcrtqnafhqonvosebghg/Build/Intermediates.noindex/Argus.build/Debug-iphonesimulator/Argus.build/Argus-project-headers.hmap -Xcc -I/Users/jandrews/Library/Developer/Xcode/DerivedData/Argus-dciofsjewcrtqnafhqonvosebghg/Build/Products/Debug-iphonesimulator/include -Xcc -I/Users/jandrews/Library/Developer/Xcode/DerivedData/Argus-dciofsjewcrtqnafhqonvosebghg/Build/Intermediates.noindex/Argus.build/Debug-iphonesimulator/Argus.build/DerivedSources-normal/arm64 -Xcc -I/Users/jandrews/Library/Developer/Xcode/DerivedData/Argus-dciofsjewcrtqnafhqonvosebghg/Build/Intermediates.noindex/Argus.build/Debug-iphonesimulator/Argus.build/DerivedSources/arm64 -Xcc -I/Users/jandrews/Library/Developer/Xcode/DerivedData/Argus-dciofsjewcrtqnafhqonvosebghg/Build/Intermediates.noindex/Argus.build/Debug-iphonesimulator/Argus.build/DerivedSources -Xcc -DDEBUG\=1 -emit-objc-header -emit-objc-header-path /Users/jandrews/Library/Developer/Xcode/DerivedData/Argus-dciofsjewcrtqnafhqonvosebghg/Build/Intermediates.noindex/Argus.build/Debug-iphonesimulator/Argus.build/Objects-normal/arm64/Argus-Swift.h -working-directory /Users/jandrews/devel/swift/Argus-app -experimental-emit-module-separately -disable-cmo

ProcessInfoPlistFile /Users/jandrews/Library/Developer/Xcode/DerivedData/Argus-dciofsjewcrtqnafhqonvosebghg/Build/Products/Debug-iphonesimulator/Argus.app/Info.plist /Users/jandrews/devel/swift/Argus-app/Argus/Info.plist (in target 'Argus' from project 'Argus')
    cd /Users/jandrews/devel/swift/Argus-app
    builtin-infoPlistUtility /Users/jandrews/devel/swift/Argus-app/Argus/Info.plist -producttype com.apple.product-type.application -genpkginfo /Users/jandrews/Library/Developer/Xcode/DerivedData/Argus-dciofsjewcrtqnafhqonvosebghg/Build/Products/Debug-iphonesimulator/Argus.app/PkgInfo -expandbuildsettings -format binary -platform iphonesimulator -additionalcontentfile /Users/jandrews/Library/Developer/Xcode/DerivedData/Argus-dciofsjewcrtqnafhqonvosebghg/Build/Intermediates.noindex/Argus.build/Debug-iphonesimulator/Argus.build/assetcatalog_generated_info.plist -o /Users/jandrews/Library/Developer/Xcode/DerivedData/Argus-dciofsjewcrtqnafhqonvosebghg/Build/Products/Debug-iphonesimulator/Argus.app/Info.plist

SwiftCompile normal arm64 Compiling\ ArticleDataModels.swift,\ ArticleListModels.swift /Users/jandrews/devel/swift/Argus-app/Argus/ArticleDataModels.swift /Users/jandrews/devel/swift/Argus-app/Argus/ArticleListModels.swift (in target 'Argus' from project 'Argus')

SwiftCompile normal arm64 /Users/jandrews/devel/swift/Argus-app/Argus/ArticleDataModels.swift (in target 'Argus' from project 'Argus')
    cd /Users/jandrews/devel/swift/Argus-app
    

SwiftCompile normal arm64 /Users/jandrews/devel/swift/Argus-app/Argus/ArticleListModels.swift (in target 'Argus' from project 'Argus')
    cd /Users/jandrews/devel/swift/Argus-app
    

SwiftCompile normal arm64 Compiling\ AutoSyncCoordinator.swift,\ BackgroundTaskManager.swift /Users/jandrews/devel/swift/Argus-app/Argus/AutoSyncCoordinator.swift /Users/jandrews/devel/swift/Argus-app/Argus/BackgroundTaskManager.swift (in target 'Argus' from project 'Argus')

SwiftCompile normal arm64 /Users/jandrews/devel/swift/Argus-app/Argus/AutoSyncCoordinator.swift (in target 'Argus' from project 'Argus')
    cd /Users/jandrews/devel/swift/Argus-app
    

SwiftCompile normal arm64 /Users/jandrews/devel/swift/Argus-app/Argus/BackgroundTaskManager.swift (in target 'Argus' from project 'Argus')
    cd /Users/jandrews/devel/swift/Argus-app
    

SwiftCompile normal arm64 Compiling\ APIClient.swift,\ AppDelegate.swift /Users/jandrews/devel/swift/Argus-app/Argus/APIClient.swift /Users/jandrews/devel/swift/Argus-app/Argus/AppDelegate.swift (in target 'Argus' from project 'Argus')

SwiftCompile normal arm64 /Users/jandrews/devel/swift/Argus-app/Argus/APIClient.swift (in target 'Argus' from project 'Argus')
    cd /Users/jandrews/devel/swift/Argus-app
    

SwiftCompile normal arm64 /Users/jandrews/devel/swift/Argus-app/Argus/AppDelegate.swift (in target 'Argus' from project 'Argus')
    cd /Users/jandrews/devel/swift/Argus-app
    

SwiftCompile normal arm64 Compiling\ ArticleModels.swift,\ ArticleOperations.swift /Users/jandrews/devel/swift/Argus-app/Argus/ArticleModels.swift /Users/jandrews/devel/swift/Argus-app/Argus/ArticleOperations.swift (in target 'Argus' from project 'Argus')
SwiftCompile normal arm64 /Users/jandrews/devel/swift/Argus-app/Argus/ArticleModels.swift (in target 'Argus' from project 'Argus')
    cd /Users/jandrews/devel/swift/Argus-app
    

SwiftCompile normal arm64 /Users/jandrews/devel/swift/Argus-app/Argus/ArticleOperations.swift (in target 'Argus' from project 'Argus')
    cd /Users/jandrews/devel/swift/Argus-app
    

SwiftCompile normal arm64 Compiling\ NewsDetailViewModel.swift,\ NewsView.swift /Users/jandrews/devel/swift/Argus-app/Argus/NewsDetailViewModel.swift /Users/jandrews/devel/swift/Argus-app/Argus/NewsView.swift (in target 'Argus' from project 'Argus')
SwiftCompile normal arm64 /Users/jandrews/devel/swift/Argus-app/Argus/NewsDetailViewModel.swift (in target 'Argus' from project 'Argus')
    cd /Users/jandrews/devel/swift/Argus-app
    

SwiftCompile normal arm64 /Users/jandrews/devel/swift/Argus-app/Argus/NewsView.swift (in target 'Argus' from project 'Argus')
    cd /Users/jandrews/devel/swift/Argus-app
    

SwiftCompile normal arm64 Compiling\ ArgusApp.swift,\ ArrayExtensions.swift /Users/jandrews/devel/swift/Argus-app/Argus/ArgusApp.swift /Users/jandrews/devel/swift/Argus-app/Argus/ArrayExtensions.swift (in target 'Argus' from project 'Argus')

SwiftCompile normal arm64 /Users/jandrews/devel/swift/Argus-app/Argus/ArgusApp.swift (in target 'Argus' from project 'Argus')
    cd /Users/jandrews/devel/swift/Argus-app
    

SwiftCompile normal arm64 /Users/jandrews/devel/swift/Argus-app/Argus/ArrayExtensions.swift (in target 'Argus' from project 'Argus')
    cd /Users/jandrews/devel/swift/Argus-app
    

SwiftCompile normal arm64 Compiling\ ArticleService.swift,\ ArticleServiceProtocol.swift /Users/jandrews/devel/swift/Argus-app/Argus/ArticleService.swift /Users/jandrews/devel/swift/Argus-app/Argus/ArticleServiceProtocol.swift (in target 'Argus' from project 'Argus')

SwiftCompile normal arm64 /Users/jandrews/devel/swift/Argus-app/Argus/ArticleService.swift (in target 'Argus' from project 'Argus')
    cd /Users/jandrews/devel/swift/Argus-app
    

SwiftCompile normal arm64 /Users/jandrews/devel/swift/Argus-app/Argus/ArticleServiceProtocol.swift (in target 'Argus' from project 'Argus')
    cd /Users/jandrews/devel/swift/Argus-app
    

SwiftCompile normal arm64 Compiling\ NavigationTypes.swift,\ NewsDetailView.swift /Users/jandrews/devel/swift/Argus-app/Argus/NavigationTypes.swift /Users/jandrews/devel/swift/Argus-app/Argus/NewsDetailView.swift (in target 'Argus' from project 'Argus')

SwiftCompile normal arm64 /Users/jandrews/devel/swift/Argus-app/Argus/NavigationTypes.swift (in target 'Argus' from project 'Argus')
    cd /Users/jandrews/devel/swift/Argus-app
    

SwiftCompile normal arm64 /Users/jandrews/devel/swift/Argus-app/Argus/NewsDetailView.swift (in target 'Argus' from project 'Argus')
    cd /Users/jandrews/devel/swift/Argus-app
    

SwiftCompile normal arm64 Compiling\ CloudKitRequestCoordinator.swift,\ ContentView.swift /Users/jandrews/devel/swift/Argus-app/Argus/CloudKitRequestCoordinator.swift /Users/jandrews/devel/swift/Argus-app/Argus/ContentView.swift (in target 'Argus' from project 'Argus')

SwiftCompile normal arm64 /Users/jandrews/devel/swift/Argus-app/Argus/CloudKitRequestCoordinator.swift (in target 'Argus' from project 'Argus')
    cd /Users/jandrews/devel/swift/Argus-app
    

SwiftCompile normal arm64 /Users/jandrews/devel/swift/Argus-app/Argus/ContentView.swift (in target 'Argus' from project 'Argus')
    cd /Users/jandrews/devel/swift/Argus-app
    

SwiftCompile normal arm64 Compiling\ NewsView+Extensions.swift,\ NewsViewModel.swift /Users/jandrews/devel/swift/Argus-app/Argus/NewsView+Extensions.swift /Users/jandrews/devel/swift/Argus-app/Argus/NewsViewModel.swift (in target 'Argus' from project 'Argus')

SwiftCompile normal arm64 /Users/jandrews/devel/swift/Argus-app/Argus/NewsView+Extensions.swift (in target 'Argus' from project 'Argus')
    cd /Users/jandrews/devel/swift/Argus-app
    

SwiftCompile normal arm64 /Users/jandrews/devel/swift/Argus-app/Argus/NewsViewModel.swift (in target 'Argus' from project 'Argus')
    cd /Users/jandrews/devel/swift/Argus-app
    

SwiftCompile normal arm64 Compiling\ SyncStatisticsView.swift,\ TestArticleService.swift /Users/jandrews/devel/swift/Argus-app/Argus/SyncStatisticsView.swift /Users/jandrews/devel/swift/Argus-app/Argus/TestArticleService.swift (in target 'Argus' from project 'Argus')

SwiftCompile normal arm64 /Users/jandrews/devel/swift/Argus-app/Argus/SyncStatisticsView.swift (in target 'Argus' from project 'Argus')
    cd /Users/jandrews/devel/swift/Argus-app
    

SwiftCompile normal arm64 /Users/jandrews/devel/swift/Argus-app/Argus/TestArticleService.swift (in target 'Argus' from project 'Argus')
    cd /Users/jandrews/devel/swift/Argus-app
    

SwiftCompile normal arm64 Compiling\ DatabaseCoordinator.swift,\ EnhancedRelatedArticlesTest.swift /Users/jandrews/devel/swift/Argus-app/Argus/DatabaseCoordinator.swift /Users/jandrews/devel/swift/Argus-app/Argus/EnhancedRelatedArticlesTest.swift (in target 'Argus' from project 'Argus')

SwiftCompile normal arm64 /Users/jandrews/devel/swift/Argus-app/Argus/DatabaseCoordinator.swift (in target 'Argus' from project 'Argus')
    cd /Users/jandrews/devel/swift/Argus-app
    

SwiftCompile normal arm64 /Users/jandrews/devel/swift/Argus-app/Argus/EnhancedRelatedArticlesTest.swift (in target 'Argus' from project 'Argus')
    cd /Users/jandrews/devel/swift/Argus-app
    

SwiftCompile normal arm64 Compiling\ RelatedArticlesComponents.swift,\ SettingsView.swift /Users/jandrews/devel/swift/Argus-app/Argus/RelatedArticlesComponents.swift /Users/jandrews/devel/swift/Argus-app/Argus/SettingsView.swift (in target 'Argus' from project 'Argus')

SwiftCompile normal arm64 /Users/jandrews/devel/swift/Argus-app/Argus/RelatedArticlesComponents.swift (in target 'Argus' from project 'Argus')
    cd /Users/jandrews/devel/swift/Argus-app
    

SwiftCompile normal arm64 /Users/jandrews/devel/swift/Argus-app/Argus/SettingsView.swift (in target 'Argus' from project 'Argus')
    cd /Users/jandrews/devel/swift/Argus-app
    

SwiftEmitModule normal arm64 Emitting\ module\ for\ Argus (in target 'Argus' from project 'Argus')

EmitSwiftModule normal arm64 (in target 'Argus' from project 'Argus')
    cd /Users/jandrews/devel/swift/Argus-app
    

SwiftCompile normal arm64 Compiling\ GeneratedAssetSymbols.swift /Users/jandrews/Library/Developer/Xcode/DerivedData/Argus-dciofsjewcrtqnafhqonvosebghg/Build/Intermediates.noindex/Argus.build/Debug-iphonesimulator/Argus.build/DerivedSources/GeneratedAssetSymbols.swift (in target 'Argus' from project 'Argus')

SwiftCompile normal arm64 /Users/jandrews/Library/Developer/Xcode/DerivedData/Argus-dciofsjewcrtqnafhqonvosebghg/Build/Intermediates.noindex/Argus.build/Debug-iphonesimulator/Argus.build/DerivedSources/GeneratedAssetSymbols.swift (in target 'Argus' from project 'Argus')
    cd /Users/jandrews/devel/swift/Argus-app
    

SwiftCompile normal arm64 Compiling\ TopicDiagnosticView.swift,\ UIComponents.swift /Users/jandrews/devel/swift/Argus-app/Argus/TopicDiagnosticView.swift /Users/jandrews/devel/swift/Argus-app/Argus/UIComponents.swift (in target 'Argus' from project 'Argus')

SwiftCompile normal arm64 /Users/jandrews/devel/swift/Argus-app/Argus/TopicDiagnosticView.swift (in target 'Argus' from project 'Argus')
    cd /Users/jandrews/devel/swift/Argus-app
    

SwiftCompile normal arm64 /Users/jandrews/devel/swift/Argus-app/Argus/UIComponents.swift (in target 'Argus' from project 'Argus')
    cd /Users/jandrews/devel/swift/Argus-app
    

SwiftCompile normal arm64 Compiling\ UserDefaultsExtensions.swift /Users/jandrews/devel/swift/Argus-app/Argus/UserDefaultsExtensions.swift (in target 'Argus' from project 'Argus')

SwiftCompile normal arm64 /Users/jandrews/devel/swift/Argus-app/Argus/UserDefaultsExtensions.swift (in target 'Argus' from project 'Argus')
    cd /Users/jandrews/devel/swift/Argus-app
    

SwiftDriverJobDiscovery normal arm64 Compiling GeneratedAssetSymbols.swift (in target 'Argus' from project 'Argus')

SwiftCompile normal arm64 Compiling\ SyncStatusIndicator.swift /Users/jandrews/devel/swift/Argus-app/Argus/SyncStatusIndicator.swift (in target 'Argus' from project 'Argus')

SwiftCompile normal arm64 /Users/jandrews/devel/swift/Argus-app/Argus/SyncStatusIndicator.swift (in target 'Argus' from project 'Argus')
    cd /Users/jandrews/devel/swift/Argus-app
    

SwiftDriverJobDiscovery normal arm64 Compiling AutoSyncCoordinator.swift, BackgroundTaskManager.swift (in target 'Argus' from project 'Argus')

SwiftCompile normal arm64 Compiling\ SubscriptionsView.swift /Users/jandrews/devel/swift/Argus-app/Argus/SubscriptionsView.swift (in target 'Argus' from project 'Argus')

SwiftCompile normal arm64 /Users/jandrews/devel/swift/Argus-app/Argus/SubscriptionsView.swift (in target 'Argus' from project 'Argus')
    cd /Users/jandrews/devel/swift/Argus-app
    

SwiftDriverJobDiscovery normal arm64 Compiling CloudKitRequestCoordinator.swift, ContentView.swift (in target 'Argus' from project 'Argus')

SwiftCompile normal arm64 Compiling\ AutoSyncControlsView.swift /Users/jandrews/devel/swift/Argus-app/Argus/AutoSyncControlsView.swift (in target 'Argus' from project 'Argus')

SwiftCompile normal arm64 /Users/jandrews/devel/swift/Argus-app/Argus/AutoSyncControlsView.swift (in target 'Argus' from project 'Argus')
    cd /Users/jandrews/devel/swift/Argus-app
    

SwiftDriverJobDiscovery normal arm64 Compiling UserDefaultsExtensions.swift (in target 'Argus' from project 'Argus')

SwiftCompile normal arm64 Compiling\ MarkdownUtilities.swift /Users/jandrews/devel/swift/Argus-app/Argus/MarkdownUtilities.swift (in target 'Argus' from project 'Argus')

SwiftCompile normal arm64 /Users/jandrews/devel/swift/Argus-app/Argus/MarkdownUtilities.swift (in target 'Argus' from project 'Argus')
    cd /Users/jandrews/devel/swift/Argus-app
    

SwiftDriverJobDiscovery normal arm64 Compiling AutoSyncControlsView.swift (in target 'Argus' from project 'Argus')

SwiftCompile normal arm64 Compiling\ QualityBadges.swift /Users/jandrews/devel/swift/Argus-app/Argus/QualityBadges.swift (in target 'Argus' from project 'Argus')

SwiftCompile normal arm64 /Users/jandrews/devel/swift/Argus-app/Argus/QualityBadges.swift (in target 'Argus' from project 'Argus')
    cd /Users/jandrews/devel/swift/Argus-app
    

SwiftDriverJobDiscovery normal arm64 Compiling SyncStatusIndicator.swift (in target 'Argus' from project 'Argus')

SwiftCompile normal arm64 Compiling\ NotificationUtils.swift /Users/jandrews/devel/swift/Argus-app/Argus/NotificationUtils.swift (in target 'Argus' from project 'Argus')

SwiftCompile normal arm64 /Users/jandrews/devel/swift/Argus-app/Argus/NotificationUtils.swift (in target 'Argus' from project 'Argus')
    cd /Users/jandrews/devel/swift/Argus-app
    

SwiftDriverJobDiscovery normal arm64 Compiling ArgusApp.swift, ArrayExtensions.swift (in target 'Argus' from project 'Argus')

SwiftCompile normal arm64 Compiling\ CommonUtilities.swift /Users/jandrews/devel/swift/Argus-app/Argus/CommonUtilities.swift (in target 'Argus' from project 'Argus')

SwiftCompile normal arm64 /Users/jandrews/devel/swift/Argus-app/Argus/CommonUtilities.swift (in target 'Argus' from project 'Argus')
    cd /Users/jandrews/devel/swift/Argus-app
    

SwiftDriverJobDiscovery normal arm64 Compiling SubscriptionsView.swift (in target 'Argus' from project 'Argus')

SwiftCompile normal arm64 Compiling\ ModernizationLogger.swift /Users/jandrews/devel/swift/Argus-app/Argus/ModernizationLogger.swift (in target 'Argus' from project 'Argus')

SwiftCompile normal arm64 /Users/jandrews/devel/swift/Argus-app/Argus/ModernizationLogger.swift (in target 'Argus' from project 'Argus')
    cd /Users/jandrews/devel/swift/Argus-app
    

SwiftDriverJobDiscovery normal arm64 Compiling QualityBadges.swift (in target 'Argus' from project 'Argus')

SwiftCompile normal arm64 Compiling\ PreloadManager.swift /Users/jandrews/devel/swift/Argus-app/Argus/PreloadManager.swift (in target 'Argus' from project 'Argus')

SwiftCompile normal arm64 /Users/jandrews/devel/swift/Argus-app/Argus/PreloadManager.swift (in target 'Argus' from project 'Argus')
    cd /Users/jandrews/devel/swift/Argus-app
    

SwiftDriverJobDiscovery normal arm64 Emitting module for Argus (in target 'Argus' from project 'Argus')

SwiftDriver\ Compilation\ Requirements Argus normal arm64 com.apple.xcode.tools.swift.compiler (in target 'Argus' from project 'Argus')
    cd /Users/jandrews/devel/swift/Argus-app
    builtin-Swift-Compilation-Requirements -- /Applications/Xcode.app/Contents/Developer/Toolchains/XcodeDefault.xctoolchain/usr/bin/swiftc -module-name Argus -Onone -enforce-exclusivity\=checked @/Users/jandrews/Library/Developer/Xcode/DerivedData/Argus-dciofsjewcrtqnafhqonvosebghg/Build/Intermediates.noindex/Argus.build/Debug-iphonesimulator/Argus.build/Objects-normal/arm64/Argus.SwiftFileList -DDEBUG -enable-bare-slash-regex -enable-experimental-feature DebugDescriptionMacro -sdk /Applications/Xcode.app/Contents/Developer/Platforms/iPhoneSimulator.platform/Developer/SDKs/iPhoneSimulator26.0.sdk -target arm64-apple-ios18.2-simulator -g -module-cache-path /Users/jandrews/Library/Developer/Xcode/DerivedData/ModuleCache.noindex -Xfrontend -serialize-debugging-options -profile-coverage-mapping -profile-generate -enable-testing -index-store-path /Users/jandrews/Library/Developer/Xcode/DerivedData/Argus-dciofsjewcrtqnafhqonvosebghg/Index.noindex/DataStore -Xcc -D_LIBCPP_HARDENING_MODE\=_LIBCPP_HARDENING_MODE_DEBUG -swift-version 5 -I /Users/jandrews/Library/Developer/Xcode/DerivedData/Argus-dciofsjewcrtqnafhqonvosebghg/Build/Products/Debug-iphonesimulator -F /Users/jandrews/Library/Developer/Xcode/DerivedData/Argus-dciofsjewcrtqnafhqonvosebghg/Build/Products/Debug-iphonesimulator/PackageFrameworks -F /Users/jandrews/Library/Developer/Xcode/DerivedData/Argus-dciofsjewcrtqnafhqonvosebghg/Build/Products/Debug-iphonesimulator -emit-localized-strings -emit-localized-strings-path /Users/jandrews/Library/Developer/Xcode/DerivedData/Argus-dciofsjewcrtqnafhqonvosebghg/Build/Intermediates.noindex/Argus.build/Debug-iphonesimulator/Argus.build/Objects-normal/arm64 -c -j16 -enable-batch-mode -incremental -Xcc -ivfsstatcache -Xcc /Users/jandrews/Library/Developer/Xcode/DerivedData/SDKStatCaches.noindex/iphonesimulator26.0-23A339-26257891a6c027eb51374368541b8346.sdkstatcache -output-file-map /Users/jandrews/Library/Developer/Xcode/DerivedData/Argus-dciofsjewcrtqnafhqonvosebghg/Build/Intermediates.noindex/Argus.build/Debug-iphonesimulator/Argus.build/Objects-normal/arm64/Argus-OutputFileMap.json -use-frontend-parseable-output -save-temps -no-color-diagnostics -explicit-module-build -module-cache-path /Users/jandrews/Library/Developer/Xcode/DerivedData/Argus-dciofsjewcrtqnafhqonvosebghg/Build/Intermediates.noindex/SwiftExplicitPrecompiledModules -clang-scanner-module-cache-path /Users/jandrews/Library/Developer/Xcode/DerivedData/ModuleCache.noindex -sdk-module-cache-path /Users/jandrews/Library/Developer/Xcode/DerivedData/ModuleCache.noindex -serialize-diagnostics -emit-dependencies -emit-module -emit-module-path /Users/jandrews/Library/Developer/Xcode/DerivedData/Argus-dciofsjewcrtqnafhqonvosebghg/Build/Intermediates.noindex/Argus.build/Debug-iphonesimulator/Argus.build/Objects-normal/arm64/Argus.swiftmodule -validate-clang-modules-once -clang-build-session-file /Users/jandrews/Library/Developer/Xcode/DerivedData/ModuleCache.noindex/Session.modulevalidation -Xcc -I/Users/jandrews/Library/Developer/Xcode/DerivedData/Argus-dciofsjewcrtqnafhqonvosebghg/Build/Intermediates.noindex/Argus.build/Debug-iphonesimulator/Argus.build/swift-overrides.hmap -emit-const-values -Xfrontend -const-gather-protocols-file -Xfrontend /Users/jandrews/Library/Developer/Xcode/DerivedData/Argus-dciofsjewcrtqnafhqonvosebghg/Build/Intermediates.noindex/Argus.build/Debug-iphonesimulator/Argus.build/Objects-normal/arm64/Argus_const_extract_protocols.json -Xcc -iquote -Xcc /Users/jandrews/Library/Developer/Xcode/DerivedData/Argus-dciofsjewcrtqnafhqonvosebghg/Build/Intermediates.noindex/Argus.build/Debug-iphonesimulator/Argus.build/Argus-generated-files.hmap -Xcc -I/Users/jandrews/Library/Developer/Xcode/DerivedData/Argus-dciofsjewcrtqnafhqonvosebghg/Build/Intermediates.noindex/Argus.build/Debug-iphonesimulator/Argus.build/Argus-own-target-headers.hmap -Xcc -I/Users/jandrews/Library/Developer/Xcode/DerivedData/Argus-dciofsjewcrtqnafhqonvosebghg/Build/Intermediates.noindex/Argus.build/Debug-iphonesimulator/Argus.build/Argus-all-non-framework-target-headers.hmap -Xcc -ivfsoverlay -Xcc /Users/jandrews/Library/Developer/Xcode/DerivedData/Argus-dciofsjewcrtqnafhqonvosebghg/Build/Intermediates.noindex/Argus.build/Debug-iphonesimulator/Argus-d16f32cc8be5b21acd5f474e97425566-VFS-iphonesimulator/all-product-headers.yaml -Xcc -iquote -Xcc /Users/jandrews/Library/Developer/Xcode/DerivedData/Argus-dciofsjewcrtqnafhqonvosebghg/Build/Intermediates.noindex/Argus.build/Debug-iphonesimulator/Argus.build/Argus-project-headers.hmap -Xcc -I/Users/jandrews/Library/Developer/Xcode/DerivedData/Argus-dciofsjewcrtqnafhqonvosebghg/Build/Products/Debug-iphonesimulator/include -Xcc -I/Users/jandrews/Library/Developer/Xcode/DerivedData/Argus-dciofsjewcrtqnafhqonvosebghg/Build/Intermediates.noindex/Argus.build/Debug-iphonesimulator/Argus.build/DerivedSources-normal/arm64 -Xcc -I/Users/jandrews/Library/Developer/Xcode/DerivedData/Argus-dciofsjewcrtqnafhqonvosebghg/Build/Intermediates.noindex/Argus.build/Debug-iphonesimulator/Argus.build/DerivedSources/arm64 -Xcc -I/Users/jandrews/Library/Developer/Xcode/DerivedData/Argus-dciofsjewcrtqnafhqonvosebghg/Build/Intermediates.noindex/Argus.build/Debug-iphonesimulator/Argus.build/DerivedSources -Xcc -DDEBUG\=1 -emit-objc-header -emit-objc-header-path /Users/jandrews/Library/Developer/Xcode/DerivedData/Argus-dciofsjewcrtqnafhqonvosebghg/Build/Intermediates.noindex/Argus.build/Debug-iphonesimulator/Argus.build/Objects-normal/arm64/Argus-Swift.h -working-directory /Users/jandrews/devel/swift/Argus-app -experimental-emit-module-separately -disable-cmo

SwiftDriverJobDiscovery normal arm64 Compiling CommonUtilities.swift (in target 'Argus' from project 'Argus')

SwiftCompile normal arm64 Compiling\ BackgroundContextManager.swift /Users/jandrews/devel/swift/Argus-app/Argus/BackgroundContextManager.swift (in target 'Argus' from project 'Argus')

SwiftCompile normal arm64 /Users/jandrews/devel/swift/Argus-app/Argus/BackgroundContextManager.swift (in target 'Argus' from project 'Argus')
    cd /Users/jandrews/devel/swift/Argus-app
    

SwiftMergeGeneratedHeaders /Users/jandrews/Library/Developer/Xcode/DerivedData/Argus-dciofsjewcrtqnafhqonvosebghg/Build/Intermediates.noindex/Argus.build/Debug-iphonesimulator/Argus.build/DerivedSources/Argus-Swift.h /Users/jandrews/Library/Developer/Xcode/DerivedData/Argus-dciofsjewcrtqnafhqonvosebghg/Build/Intermediates.noindex/Argus.build/Debug-iphonesimulator/Argus.build/Objects-normal/arm64/Argus-Swift.h (in target 'Argus' from project 'Argus')
    cd /Users/jandrews/devel/swift/Argus-app
    builtin-swiftHeaderTool -arch arm64 /Users/jandrews/Library/Developer/Xcode/DerivedData/Argus-dciofsjewcrtqnafhqonvosebghg/Build/Intermediates.noindex/Argus.build/Debug-iphonesimulator/Argus.build/Objects-normal/arm64/Argus-Swift.h -o /Users/jandrews/Library/Developer/Xcode/DerivedData/Argus-dciofsjewcrtqnafhqonvosebghg/Build/Intermediates.noindex/Argus.build/Debug-iphonesimulator/Argus.build/DerivedSources/Argus-Swift.h

SwiftDriverJobDiscovery normal arm64 Compiling SyncStatisticsView.swift, TestArticleService.swift (in target 'Argus' from project 'Argus')

Copy /Users/jandrews/Library/Developer/Xcode/DerivedData/Argus-dciofsjewcrtqnafhqonvosebghg/Build/Products/Debug-iphonesimulator/Argus.swiftmodule/arm64-apple-ios-simulator.swiftmodule /Users/jandrews/Library/Developer/Xcode/DerivedData/Argus-dciofsjewcrtqnafhqonvosebghg/Build/Intermediates.noindex/Argus.build/Debug-iphonesimulator/Argus.build/Objects-normal/arm64/Argus.swiftmodule (in target 'Argus' from project 'Argus')
    cd /Users/jandrews/devel/swift/Argus-app
    builtin-copy -exclude .DS_Store -exclude CVS -exclude .svn -exclude .git -exclude .hg -resolve-src-symlinks -rename /Users/jandrews/Library/Developer/Xcode/DerivedData/Argus-dciofsjewcrtqnafhqonvosebghg/Build/Intermediates.noindex/Argus.build/Debug-iphonesimulator/Argus.build/Objects-normal/arm64/Argus.swiftmodule /Users/jandrews/Library/Developer/Xcode/DerivedData/Argus-dciofsjewcrtqnafhqonvosebghg/Build/Products/Debug-iphonesimulator/Argus.swiftmodule/arm64-apple-ios-simulator.swiftmodule

Copy /Users/jandrews/Library/Developer/Xcode/DerivedData/Argus-dciofsjewcrtqnafhqonvosebghg/Build/Products/Debug-iphonesimulator/Argus.swiftmodule/arm64-apple-ios-simulator.swiftdoc /Users/jandrews/Library/Developer/Xcode/DerivedData/Argus-dciofsjewcrtqnafhqonvosebghg/Build/Intermediates.noindex/Argus.build/Debug-iphonesimulator/Argus.build/Objects-normal/arm64/Argus.swiftdoc (in target 'Argus' from project 'Argus')
    cd /Users/jandrews/devel/swift/Argus-app
    builtin-copy -exclude .DS_Store -exclude CVS -exclude .svn -exclude .git -exclude .hg -resolve-src-symlinks -rename /Users/jandrews/Library/Developer/Xcode/DerivedData/Argus-dciofsjewcrtqnafhqonvosebghg/Build/Intermediates.noindex/Argus.build/Debug-iphonesimulator/Argus.build/Objects-normal/arm64/Argus.swiftdoc /Users/jandrews/Library/Developer/Xcode/DerivedData/Argus-dciofsjewcrtqnafhqonvosebghg/Build/Products/Debug-iphonesimulator/Argus.swiftmodule/arm64-apple-ios-simulator.swiftdoc

SwiftDriverJobDiscovery normal arm64 Compiling NewsView+Extensions.swift, NewsViewModel.swift (in target 'Argus' from project 'Argus')

Copy /Users/jandrews/Library/Developer/Xcode/DerivedData/Argus-dciofsjewcrtqnafhqonvosebghg/Build/Products/Debug-iphonesimulator/Argus.swiftmodule/arm64-apple-ios-simulator.abi.json /Users/jandrews/Library/Developer/Xcode/DerivedData/Argus-dciofsjewcrtqnafhqonvosebghg/Build/Intermediates.noindex/Argus.build/Debug-iphonesimulator/Argus.build/Objects-normal/arm64/Argus.abi.json (in target 'Argus' from project 'Argus')
    cd /Users/jandrews/devel/swift/Argus-app
    builtin-copy -exclude .DS_Store -exclude CVS -exclude .svn -exclude .git -exclude .hg -resolve-src-symlinks -rename /Users/jandrews/Library/Developer/Xcode/DerivedData/Argus-dciofsjewcrtqnafhqonvosebghg/Build/Intermediates.noindex/Argus.build/Debug-iphonesimulator/Argus.build/Objects-normal/arm64/Argus.abi.json /Users/jandrews/Library/Developer/Xcode/DerivedData/Argus-dciofsjewcrtqnafhqonvosebghg/Build/Products/Debug-iphonesimulator/Argus.swiftmodule/arm64-apple-ios-simulator.abi.json

Copy /Users/jandrews/Library/Developer/Xcode/DerivedData/Argus-dciofsjewcrtqnafhqonvosebghg/Build/Products/Debug-iphonesimulator/Argus.swiftmodule/Project/arm64-apple-ios-simulator.swiftsourceinfo /Users/jandrews/Library/Developer/Xcode/DerivedData/Argus-dciofsjewcrtqnafhqonvosebghg/Build/Intermediates.noindex/Argus.build/Debug-iphonesimulator/Argus.build/Objects-normal/arm64/Argus.swiftsourceinfo (in target 'Argus' from project 'Argus')
    cd /Users/jandrews/devel/swift/Argus-app
    builtin-copy -exclude .DS_Store -exclude CVS -exclude .svn -exclude .git -exclude .hg -resolve-src-symlinks -rename /Users/jandrews/Library/Developer/Xcode/DerivedData/Argus-dciofsjewcrtqnafhqonvosebghg/Build/Intermediates.noindex/Argus.build/Debug-iphonesimulator/Argus.build/Objects-normal/arm64/Argus.swiftsourceinfo /Users/jandrews/Library/Developer/Xcode/DerivedData/Argus-dciofsjewcrtqnafhqonvosebghg/Build/Products/Debug-iphonesimulator/Argus.swiftmodule/Project/arm64-apple-ios-simulator.swiftsourceinfo

SwiftCompile normal arm64 Compiling\ GlobalSyncCoordinator.swift /Users/jandrews/devel/swift/Argus-app/Argus/GlobalSyncCoordinator.swift (in target 'Argus' from project 'Argus')

SwiftCompile normal arm64 /Users/jandrews/devel/swift/Argus-app/Argus/GlobalSyncCoordinator.swift (in target 'Argus' from project 'Argus')
    cd /Users/jandrews/devel/swift/Argus-app
    

SwiftCompile normal arm64 Compiling\ Logger.swift /Users/jandrews/devel/swift/Argus-app/Argus/Logger.swift (in target 'Argus' from project 'Argus')

SwiftCompile normal arm64 /Users/jandrews/devel/swift/Argus-app/Argus/Logger.swift (in target 'Argus' from project 'Argus')
    cd /Users/jandrews/devel/swift/Argus-app
    

SwiftDriverJobDiscovery normal arm64 Compiling NotificationUtils.swift (in target 'Argus' from project 'Argus')

SwiftCompile normal arm64 Compiling\ TabNavigationState.swift /Users/jandrews/devel/swift/Argus-app/Argus/TabNavigationState.swift (in target 'Argus' from project 'Argus')

SwiftCompile normal arm64 /Users/jandrews/devel/swift/Argus-app/Argus/TabNavigationState.swift (in target 'Argus' from project 'Argus')
    cd /Users/jandrews/devel/swift/Argus-app
    

SwiftCompile normal arm64 Compiling\ SyncStatus.swift /Users/jandrews/devel/swift/Argus-app/Argus/SyncStatus.swift (in target 'Argus' from project 'Argus')

SwiftCompile normal arm64 /Users/jandrews/devel/swift/Argus-app/Argus/SyncStatus.swift (in target 'Argus' from project 'Argus')
    cd /Users/jandrews/devel/swift/Argus-app
    

SwiftDriverJobDiscovery normal arm64 Compiling MarkdownUtilities.swift (in target 'Argus' from project 'Argus')

SwiftCompile normal arm64 Compiling\ CloudKitHealthMonitor.swift /Users/jandrews/devel/swift/Argus-app/Argus/CloudKitHealthMonitor.swift (in target 'Argus' from project 'Argus')

SwiftCompile normal arm64 /Users/jandrews/devel/swift/Argus-app/Argus/CloudKitHealthMonitor.swift (in target 'Argus' from project 'Argus')
    cd /Users/jandrews/devel/swift/Argus-app
    

SwiftDriverJobDiscovery normal arm64 Compiling BackgroundContextManager.swift (in target 'Argus' from project 'Argus')

SwiftCompile normal arm64 Compiling\ ProcessingQueueManager.swift /Users/jandrews/devel/swift/Argus-app/Argus/ProcessingQueueManager.swift (in target 'Argus' from project 'Argus')

SwiftCompile normal arm64 /Users/jandrews/devel/swift/Argus-app/Argus/ProcessingQueueManager.swift (in target 'Argus' from project 'Argus')
    cd /Users/jandrews/devel/swift/Argus-app
    

SwiftDriverJobDiscovery normal arm64 Compiling Logger.swift (in target 'Argus' from project 'Argus')

SwiftCompile normal arm64 Compiling\ SwiftDataContainer.swift /Users/jandrews/devel/swift/Argus-app/Argus/SwiftDataContainer.swift (in target 'Argus' from project 'Argus')

SwiftCompile normal arm64 /Users/jandrews/devel/swift/Argus-app/Argus/SwiftDataContainer.swift (in target 'Argus' from project 'Argus')
    cd /Users/jandrews/devel/swift/Argus-app
    

SwiftDriverJobDiscovery normal arm64 Compiling ArticleService.swift, ArticleServiceProtocol.swift (in target 'Argus' from project 'Argus')

SwiftDriverJobDiscovery normal arm64 Compiling ModernizationLogger.swift (in target 'Argus' from project 'Argus')

SwiftDriverJobDiscovery normal arm64 Compiling APIClient.swift, AppDelegate.swift (in target 'Argus' from project 'Argus')

SwiftDriverJobDiscovery normal arm64 Compiling SyncStatus.swift (in target 'Argus' from project 'Argus')

SwiftDriverJobDiscovery normal arm64 Compiling TabNavigationState.swift (in target 'Argus' from project 'Argus')

SwiftDriverJobDiscovery normal arm64 Compiling PreloadManager.swift (in target 'Argus' from project 'Argus')

SwiftDriverJobDiscovery normal arm64 Compiling CloudKitHealthMonitor.swift (in target 'Argus' from project 'Argus')

SwiftDriverJobDiscovery normal arm64 Compiling GlobalSyncCoordinator.swift (in target 'Argus' from project 'Argus')

SwiftDriverJobDiscovery normal arm64 Compiling ArticleDataModels.swift, ArticleListModels.swift (in target 'Argus' from project 'Argus')

SwiftDriverJobDiscovery normal arm64 Compiling ProcessingQueueManager.swift (in target 'Argus' from project 'Argus')

SwiftDriverJobDiscovery normal arm64 Compiling ArticleModels.swift, ArticleOperations.swift (in target 'Argus' from project 'Argus')

SwiftDriverJobDiscovery normal arm64 Compiling SwiftDataContainer.swift (in target 'Argus' from project 'Argus')

SwiftDriverJobDiscovery normal arm64 Compiling DatabaseCoordinator.swift, EnhancedRelatedArticlesTest.swift (in target 'Argus' from project 'Argus')

SwiftDriverJobDiscovery normal arm64 Compiling RelatedArticlesComponents.swift, SettingsView.swift (in target 'Argus' from project 'Argus')

SwiftDriverJobDiscovery normal arm64 Compiling TopicDiagnosticView.swift, UIComponents.swift (in target 'Argus' from project 'Argus')

SwiftDriverJobDiscovery normal arm64 Compiling NavigationTypes.swift, NewsDetailView.swift (in target 'Argus' from project 'Argus')

SwiftDriverJobDiscovery normal arm64 Compiling NewsDetailViewModel.swift, NewsView.swift (in target 'Argus' from project 'Argus')

SwiftDriver\ Compilation Argus normal arm64 com.apple.xcode.tools.swift.compiler (in target 'Argus' from project 'Argus')
    cd /Users/jandrews/devel/swift/Argus-app
    builtin-Swift-Compilation -- /Applications/Xcode.app/Contents/Developer/Toolchains/XcodeDefault.xctoolchain/usr/bin/swiftc -module-name Argus -Onone -enforce-exclusivity\=checked @/Users/jandrews/Library/Developer/Xcode/DerivedData/Argus-dciofsjewcrtqnafhqonvosebghg/Build/Intermediates.noindex/Argus.build/Debug-iphonesimulator/Argus.build/Objects-normal/arm64/Argus.SwiftFileList -DDEBUG -enable-bare-slash-regex -enable-experimental-feature DebugDescriptionMacro -sdk /Applications/Xcode.app/Contents/Developer/Platforms/iPhoneSimulator.platform/Developer/SDKs/iPhoneSimulator26.0.sdk -target arm64-apple-ios18.2-simulator -g -module-cache-path /Users/jandrews/Library/Developer/Xcode/DerivedData/ModuleCache.noindex -Xfrontend -serialize-debugging-options -profile-coverage-mapping -profile-generate -enable-testing -index-store-path /Users/jandrews/Library/Developer/Xcode/DerivedData/Argus-dciofsjewcrtqnafhqonvosebghg/Index.noindex/DataStore -Xcc -D_LIBCPP_HARDENING_MODE\=_LIBCPP_HARDENING_MODE_DEBUG -swift-version 5 -I /Users/jandrews/Library/Developer/Xcode/DerivedData/Argus-dciofsjewcrtqnafhqonvosebghg/Build/Products/Debug-iphonesimulator -F /Users/jandrews/Library/Developer/Xcode/DerivedData/Argus-dciofsjewcrtqnafhqonvosebghg/Build/Products/Debug-iphonesimulator/PackageFrameworks -F /Users/jandrews/Library/Developer/Xcode/DerivedData/Argus-dciofsjewcrtqnafhqonvosebghg/Build/Products/Debug-iphonesimulator -emit-localized-strings -emit-localized-strings-path /Users/jandrews/Library/Developer/Xcode/DerivedData/Argus-dciofsjewcrtqnafhqonvosebghg/Build/Intermediates.noindex/Argus.build/Debug-iphonesimulator/Argus.build/Objects-normal/arm64 -c -j16 -enable-batch-mode -incremental -Xcc -ivfsstatcache -Xcc /Users/jandrews/Library/Developer/Xcode/DerivedData/SDKStatCaches.noindex/iphonesimulator26.0-23A339-26257891a6c027eb51374368541b8346.sdkstatcache -output-file-map /Users/jandrews/Library/Developer/Xcode/DerivedData/Argus-dciofsjewcrtqnafhqonvosebghg/Build/Intermediates.noindex/Argus.build/Debug-iphonesimulator/Argus.build/Objects-normal/arm64/Argus-OutputFileMap.json -use-frontend-parseable-output -save-temps -no-color-diagnostics -explicit-module-build -module-cache-path /Users/jandrews/Library/Developer/Xcode/DerivedData/Argus-dciofsjewcrtqnafhqonvosebghg/Build/Intermediates.noindex/SwiftExplicitPrecompiledModules -clang-scanner-module-cache-path /Users/jandrews/Library/Developer/Xcode/DerivedData/ModuleCache.noindex -sdk-module-cache-path /Users/jandrews/Library/Developer/Xcode/DerivedData/ModuleCache.noindex -serialize-diagnostics -emit-dependencies -emit-module -emit-module-path /Users/jandrews/Library/Developer/Xcode/DerivedData/Argus-dciofsjewcrtqnafhqonvosebghg/Build/Intermediates.noindex/Argus.build/Debug-iphonesimulator/Argus.build/Objects-normal/arm64/Argus.swiftmodule -validate-clang-modules-once -clang-build-session-file /Users/jandrews/Library/Developer/Xcode/DerivedData/ModuleCache.noindex/Session.modulevalidation -Xcc -I/Users/jandrews/Library/Developer/Xcode/DerivedData/Argus-dciofsjewcrtqnafhqonvosebghg/Build/Intermediates.noindex/Argus.build/Debug-iphonesimulator/Argus.build/swift-overrides.hmap -emit-const-values -Xfrontend -const-gather-protocols-file -Xfrontend /Users/jandrews/Library/Developer/Xcode/DerivedData/Argus-dciofsjewcrtqnafhqonvosebghg/Build/Intermediates.noindex/Argus.build/Debug-iphonesimulator/Argus.build/Objects-normal/arm64/Argus_const_extract_protocols.json -Xcc -iquote -Xcc /Users/jandrews/Library/Developer/Xcode/DerivedData/Argus-dciofsjewcrtqnafhqonvosebghg/Build/Intermediates.noindex/Argus.build/Debug-iphonesimulator/Argus.build/Argus-generated-files.hmap -Xcc -I/Users/jandrews/Library/Developer/Xcode/DerivedData/Argus-dciofsjewcrtqnafhqonvosebghg/Build/Intermediates.noindex/Argus.build/Debug-iphonesimulator/Argus.build/Argus-own-target-headers.hmap -Xcc -I/Users/jandrews/Library/Developer/Xcode/DerivedData/Argus-dciofsjewcrtqnafhqonvosebghg/Build/Intermediates.noindex/Argus.build/Debug-iphonesimulator/Argus.build/Argus-all-non-framework-target-headers.hmap -Xcc -ivfsoverlay -Xcc /Users/jandrews/Library/Developer/Xcode/DerivedData/Argus-dciofsjewcrtqnafhqonvosebghg/Build/Intermediates.noindex/Argus.build/Debug-iphonesimulator/Argus-d16f32cc8be5b21acd5f474e97425566-VFS-iphonesimulator/all-product-headers.yaml -Xcc -iquote -Xcc /Users/jandrews/Library/Developer/Xcode/DerivedData/Argus-dciofsjewcrtqnafhqonvosebghg/Build/Intermediates.noindex/Argus.build/Debug-iphonesimulator/Argus.build/Argus-project-headers.hmap -Xcc -I/Users/jandrews/Library/Developer/Xcode/DerivedData/Argus-dciofsjewcrtqnafhqonvosebghg/Build/Products/Debug-iphonesimulator/include -Xcc -I/Users/jandrews/Library/Developer/Xcode/DerivedData/Argus-dciofsjewcrtqnafhqonvosebghg/Build/Intermediates.noindex/Argus.build/Debug-iphonesimulator/Argus.build/DerivedSources-normal/arm64 -Xcc -I/Users/jandrews/Library/Developer/Xcode/DerivedData/Argus-dciofsjewcrtqnafhqonvosebghg/Build/Intermediates.noindex/Argus.build/Debug-iphonesimulator/Argus.build/DerivedSources/arm64 -Xcc -I/Users/jandrews/Library/Developer/Xcode/DerivedData/Argus-dciofsjewcrtqnafhqonvosebghg/Build/Intermediates.noindex/Argus.build/Debug-iphonesimulator/Argus.build/DerivedSources -Xcc -DDEBUG\=1 -emit-objc-header -emit-objc-header-path /Users/jandrews/Library/Developer/Xcode/DerivedData/Argus-dciofsjewcrtqnafhqonvosebghg/Build/Intermediates.noindex/Argus.build/Debug-iphonesimulator/Argus.build/Objects-normal/arm64/Argus-Swift.h -working-directory /Users/jandrews/devel/swift/Argus-app -experimental-emit-module-separately -disable-cmo

Ld /Users/jandrews/Library/Developer/Xcode/DerivedData/Argus-dciofsjewcrtqnafhqonvosebghg/Build/Products/Debug-iphonesimulator/Argus.app/Argus.debug.dylib normal (in target 'Argus' from project 'Argus')
    cd /Users/jandrews/devel/swift/Argus-app
    /Applications/Xcode.app/Contents/Developer/Toolchains/XcodeDefault.xctoolchain/usr/bin/clang -Xlinker -reproducible -target arm64-apple-ios18.2-simulator -dynamiclib -isysroot /Applications/Xcode.app/Contents/Developer/Platforms/iPhoneSimulator.platform/Developer/SDKs/iPhoneSimulator26.0.sdk -O0 -L/Users/jandrews/Library/Developer/Xcode/DerivedData/Argus-dciofsjewcrtqnafhqonvosebghg/Build/Intermediates.noindex/EagerLinkingTBDs/Debug-iphonesimulator -L/Users/jandrews/Library/Developer/Xcode/DerivedData/Argus-dciofsjewcrtqnafhqonvosebghg/Build/Products/Debug-iphonesimulator -F/Users/jandrews/Library/Developer/Xcode/DerivedData/Argus-dciofsjewcrtqnafhqonvosebghg/Build/Intermediates.noindex/EagerLinkingTBDs/Debug-iphonesimulator -F/Users/jandrews/Library/Developer/Xcode/DerivedData/Argus-dciofsjewcrtqnafhqonvosebghg/Build/Products/Debug-iphonesimulator/PackageFrameworks -F/Users/jandrews/Library/Developer/Xcode/DerivedData/Argus-dciofsjewcrtqnafhqonvosebghg/Build/Products/Debug-iphonesimulator -filelist /Users/jandrews/Library/Developer/Xcode/DerivedData/Argus-dciofsjewcrtqnafhqonvosebghg/Build/Intermediates.noindex/Argus.build/Debug-iphonesimulator/Argus.build/Objects-normal/arm64/Argus.LinkFileList -install_name @rpath/Argus.debug.dylib -Xlinker -rpath -Xlinker /usr/lib/swift -Xlinker -rpath -Xlinker /Users/jandrews/Library/Developer/Xcode/DerivedData/Argus-dciofsjewcrtqnafhqonvosebghg/Build/Products/Debug-iphonesimulator/PackageFrameworks -Xlinker -rpath -Xlinker @executable_path/Frameworks -dead_strip -Xlinker -object_path_lto -Xlinker /Users/jandrews/Library/Developer/Xcode/DerivedData/Argus-dciofsjewcrtqnafhqonvosebghg/Build/Intermediates.noindex/Argus.build/Debug-iphonesimulator/Argus.build/Objects-normal/arm64/Argus_lto.o -rdynamic -Xlinker -no_deduplicate -Xlinker -objc_abi_version -Xlinker 2 -Xlinker -debug_variant -Xlinker -dependency_info -Xlinker /Users/jandrews/Library/Developer/Xcode/DerivedData/Argus-dciofsjewcrtqnafhqonvosebghg/Build/Intermediates.noindex/Argus.build/Debug-iphonesimulator/Argus.build/Objects-normal/arm64/Argus_dependency_info.dat -fobjc-link-runtime -fprofile-instr-generate -L/Applications/Xcode.app/Contents/Developer/Toolchains/XcodeDefault.xctoolchain/usr/lib/swift/iphonesimulator -L/usr/lib/swift -Xlinker -add_ast_path -Xlinker /Users/jandrews/Library/Developer/Xcode/DerivedData/Argus-dciofsjewcrtqnafhqonvosebghg/Build/Intermediates.noindex/Argus.build/Debug-iphonesimulator/Argus.build/Objects-normal/arm64/Argus.swiftmodule @/Users/jandrews/Library/Developer/Xcode/DerivedData/Argus-dciofsjewcrtqnafhqonvosebghg/Build/Intermediates.noindex/Argus.build/Debug-iphonesimulator/Argus.build/Objects-normal/arm64/Argus-linker-args.resp -Wl,-no_warn_duplicate_libraries -Xlinker -alias -Xlinker _main -Xlinker ___debug_main_executable_dylib_entry_point -Xlinker -no_adhoc_codesign -o /Users/jandrews/Library/Developer/Xcode/DerivedData/Argus-dciofsjewcrtqnafhqonvosebghg/Build/Products/Debug-iphonesimulator/Argus.app/Argus.debug.dylib -Xlinker -add_ast_path -Xlinker /Users/jandrews/Library/Developer/Xcode/DerivedData/Argus-dciofsjewcrtqnafhqonvosebghg/Build/Intermediates.noindex/SwiftyMarkdown.build/Debug-iphonesimulator/SwiftyMarkdown.build/Objects-normal/arm64/SwiftyMarkdown.swiftmodule @/Users/jandrews/Library/Developer/Xcode/DerivedData/Argus-dciofsjewcrtqnafhqonvosebghg/Build/Intermediates.noindex/SwiftyMarkdown.build/Debug-iphonesimulator/SwiftyMarkdown.build/Objects-normal/arm64/SwiftyMarkdown-linker-args.resp

ConstructStubExecutorLinkFileList /Users/jandrews/Library/Developer/Xcode/DerivedData/Argus-dciofsjewcrtqnafhqonvosebghg/Build/Intermediates.noindex/Argus.build/Debug-iphonesimulator/Argus.build/Argus-ExecutorLinkFileList-normal-arm64.txt (in target 'Argus' from project 'Argus')
    cd /Users/jandrews/devel/swift/Argus-app
    construct-stub-executor-link-file-list /Users/jandrews/Library/Developer/Xcode/DerivedData/Argus-dciofsjewcrtqnafhqonvosebghg/Build/Products/Debug-iphonesimulator/Argus.app/Argus.debug.dylib /Applications/Xcode.app/Contents/Developer/Platforms/iPhoneSimulator.platform/Developer/usr/lib/libPreviewsJITStubExecutor_no_swift_entry_point.a /Applications/Xcode.app/Contents/Developer/Platforms/iPhoneSimulator.platform/Developer/usr/lib/libPreviewsJITStubExecutor.a --output /Users/jandrews/Library/Developer/Xcode/DerivedData/Argus-dciofsjewcrtqnafhqonvosebghg/Build/Intermediates.noindex/Argus.build/Debug-iphonesimulator/Argus.build/Argus-ExecutorLinkFileList-normal-arm64.txt
note: Using stub executor library with Swift entry point. (in target 'Argus' from project 'Argus')

Ld /Users/jandrews/Library/Developer/Xcode/DerivedData/Argus-dciofsjewcrtqnafhqonvosebghg/Build/Products/Debug-iphonesimulator/Argus.app/Argus normal (in target 'Argus' from project 'Argus')
    cd /Users/jandrews/devel/swift/Argus-app
    /Applications/Xcode.app/Contents/Developer/Toolchains/XcodeDefault.xctoolchain/usr/bin/clang -Xlinker -reproducible -target arm64-apple-ios18.2-simulator -isysroot /Applications/Xcode.app/Contents/Developer/Platforms/iPhoneSimulator.platform/Developer/SDKs/iPhoneSimulator26.0.sdk -O0 -L/Users/jandrews/Library/Developer/Xcode/DerivedData/Argus-dciofsjewcrtqnafhqonvosebghg/Build/Products/Debug-iphonesimulator -F/Users/jandrews/Library/Developer/Xcode/DerivedData/Argus-dciofsjewcrtqnafhqonvosebghg/Build/Products/Debug-iphonesimulator/PackageFrameworks -F/Users/jandrews/Library/Developer/Xcode/DerivedData/Argus-dciofsjewcrtqnafhqonvosebghg/Build/Products/Debug-iphonesimulator -Xlinker -rpath -Xlinker @executable_path -Xlinker -rpath -Xlinker /Users/jandrews/Library/Developer/Xcode/DerivedData/Argus-dciofsjewcrtqnafhqonvosebghg/Build/Products/Debug-iphonesimulator/PackageFrameworks -Xlinker -rpath -Xlinker @executable_path/Frameworks -rdynamic -Xlinker -no_deduplicate -Xlinker -objc_abi_version -Xlinker 2 -Xlinker -debug_variant -e ___debug_blank_executor_main -Xlinker -sectcreate -Xlinker __TEXT -Xlinker __debug_dylib -Xlinker /Users/jandrews/Library/Developer/Xcode/DerivedData/Argus-dciofsjewcrtqnafhqonvosebghg/Build/Intermediates.noindex/Argus.build/Debug-iphonesimulator/Argus.build/Argus-DebugDylibPath-normal-arm64.txt -Xlinker -sectcreate -Xlinker __TEXT -Xlinker __debug_instlnm -Xlinker /Users/jandrews/Library/Developer/Xcode/DerivedData/Argus-dciofsjewcrtqnafhqonvosebghg/Build/Intermediates.noindex/Argus.build/Debug-iphonesimulator/Argus.build/Argus-DebugDylibInstallName-normal-arm64.txt -Xlinker -filelist -Xlinker /Users/jandrews/Library/Developer/Xcode/DerivedData/Argus-dciofsjewcrtqnafhqonvosebghg/Build/Intermediates.noindex/Argus.build/Debug-iphonesimulator/Argus.build/Argus-ExecutorLinkFileList-normal-arm64.txt -Xlinker -sectcreate -Xlinker __TEXT -Xlinker __entitlements -Xlinker /Users/jandrews/Library/Developer/Xcode/DerivedData/Argus-dciofsjewcrtqnafhqonvosebghg/Build/Intermediates.noindex/Argus.build/Debug-iphonesimulator/Argus.build/Argus.app-Simulated.xcent -Xlinker -sectcreate -Xlinker __TEXT -Xlinker __ents_der -Xlinker /Users/jandrews/Library/Developer/Xcode/DerivedData/Argus-dciofsjewcrtqnafhqonvosebghg/Build/Intermediates.noindex/Argus.build/Debug-iphonesimulator/Argus.build/Argus.app-Simulated.xcent.der /Users/jandrews/Library/Developer/Xcode/DerivedData/Argus-dciofsjewcrtqnafhqonvosebghg/Build/Products/Debug-iphonesimulator/Argus.app/Argus.debug.dylib -Xlinker -no_adhoc_codesign -o /Users/jandrews/Library/Developer/Xcode/DerivedData/Argus-dciofsjewcrtqnafhqonvosebghg/Build/Products/Debug-iphonesimulator/Argus.app/Argus

CopySwiftLibs /Users/jandrews/Library/Developer/Xcode/DerivedData/Argus-dciofsjewcrtqnafhqonvosebghg/Build/Products/Debug-iphonesimulator/Argus.app (in target 'Argus' from project 'Argus')
    cd /Users/jandrews/devel/swift/Argus-app
    builtin-swiftStdLibTool --copy --verbose --sign - --scan-executable /Users/jandrews/Library/Developer/Xcode/DerivedData/Argus-dciofsjewcrtqnafhqonvosebghg/Build/Products/Debug-iphonesimulator/Argus.app/Argus.debug.dylib --scan-folder /Users/jandrews/Library/Developer/Xcode/DerivedData/Argus-dciofsjewcrtqnafhqonvosebghg/Build/Products/Debug-iphonesimulator/Argus.app/Frameworks --scan-folder /Users/jandrews/Library/Developer/Xcode/DerivedData/Argus-dciofsjewcrtqnafhqonvosebghg/Build/Products/Debug-iphonesimulator/Argus.app/PlugIns --scan-folder /Users/jandrews/Library/Developer/Xcode/DerivedData/Argus-dciofsjewcrtqnafhqonvosebghg/Build/Products/Debug-iphonesimulator/Argus.app/SystemExtensions --scan-folder /Users/jandrews/Library/Developer/Xcode/DerivedData/Argus-dciofsjewcrtqnafhqonvosebghg/Build/Products/Debug-iphonesimulator/Argus.app/Extensions --platform iphonesimulator --toolchain /Applications/Xcode.app/Contents/Developer/Toolchains/XcodeDefault.xctoolchain --destination /Users/jandrews/Library/Developer/Xcode/DerivedData/Argus-dciofsjewcrtqnafhqonvosebghg/Build/Products/Debug-iphonesimulator/Argus.app/Frameworks --strip-bitcode --strip-bitcode-tool /Applications/Xcode.app/Contents/Developer/Toolchains/XcodeDefault.xctoolchain/usr/bin/bitcode_strip --emit-dependency-info /Users/jandrews/Library/Developer/Xcode/DerivedData/Argus-dciofsjewcrtqnafhqonvosebghg/Build/Intermediates.noindex/Argus.build/Debug-iphonesimulator/Argus.build/SwiftStdLibToolInputDependencies.dep --filter-for-swift-os --back-deploy-swift-span

ExtractAppIntentsMetadata (in target 'Argus' from project 'Argus')
    cd /Users/jandrews/devel/swift/Argus-app
    /Applications/Xcode.app/Contents/Developer/Toolchains/XcodeDefault.xctoolchain/usr/bin/appintentsmetadataprocessor --toolchain-dir /Applications/Xcode.app/Contents/Developer/Toolchains/XcodeDefault.xctoolchain --module-name Argus --sdk-root /Applications/Xcode.app/Contents/Developer/Platforms/iPhoneSimulator.platform/Developer/SDKs/iPhoneSimulator26.0.sdk --xcode-version 17A400 --platform-family iOS --deployment-target 18.2 --bundle-identifier com.andrews.Argus.Argus --output /Users/jandrews/Library/Developer/Xcode/DerivedData/Argus-dciofsjewcrtqnafhqonvosebghg/Build/Products/Debug-iphonesimulator/Argus.app --target-triple arm64-apple-ios18.2-simulator --binary-file /Users/jandrews/Library/Developer/Xcode/DerivedData/Argus-dciofsjewcrtqnafhqonvosebghg/Build/Products/Debug-iphonesimulator/Argus.app/Argus --dependency-file /Users/jandrews/Library/Developer/Xcode/DerivedData/Argus-dciofsjewcrtqnafhqonvosebghg/Build/Intermediates.noindex/Argus.build/Debug-iphonesimulator/Argus.build/Objects-normal/arm64/Argus_dependency_info.dat --stringsdata-file /Users/jandrews/Library/Developer/Xcode/DerivedData/Argus-dciofsjewcrtqnafhqonvosebghg/Build/Intermediates.noindex/Argus.build/Debug-iphonesimulator/Argus.build/Objects-normal/arm64/ExtractedAppShortcutsMetadata.stringsdata --source-file-list /Users/jandrews/Library/Developer/Xcode/DerivedData/Argus-dciofsjewcrtqnafhqonvosebghg/Build/Intermediates.noindex/Argus.build/Debug-iphonesimulator/Argus.build/Objects-normal/arm64/Argus.SwiftFileList --metadata-file-list /Users/jandrews/Library/Developer/Xcode/DerivedData/Argus-dciofsjewcrtqnafhqonvosebghg/Build/Intermediates.noindex/Argus.build/Debug-iphonesimulator/Argus.build/Argus.DependencyMetadataFileList --static-metadata-file-list /Users/jandrews/Library/Developer/Xcode/DerivedData/Argus-dciofsjewcrtqnafhqonvosebghg/Build/Intermediates.noindex/Argus.build/Debug-iphonesimulator/Argus.build/Argus.DependencyStaticMetadataFileList --swift-const-vals-list /Users/jandrews/Library/Developer/Xcode/DerivedData/Argus-dciofsjewcrtqnafhqonvosebghg/Build/Intermediates.noindex/Argus.build/Debug-iphonesimulator/Argus.build/Objects-normal/arm64/Argus.SwiftConstValuesFileList --compile-time-extraction --deployment-aware-processing --validate-assistant-intents --no-app-shortcuts-localization
2025-10-07 17:41:27.525 appintentsmetadataprocessor[66570:141407207] Starting appintentsmetadataprocessor export
2025-10-07 17:41:27.526 appintentsmetadataprocessor[66570:141407207] warning: Metadata extraction skipped. No AppIntents.framework dependency found.

AppIntentsSSUTraining (in target 'Argus' from project 'Argus')
    cd /Users/jandrews/devel/swift/Argus-app
    /Applications/Xcode.app/Contents/Developer/Toolchains/XcodeDefault.xctoolchain/usr/bin/appintentsnltrainingprocessor --infoplist-path /Users/jandrews/Library/Developer/Xcode/DerivedData/Argus-dciofsjewcrtqnafhqonvosebghg/Build/Products/Debug-iphonesimulator/Argus.app/Info.plist --temp-dir-path /Users/jandrews/Library/Developer/Xcode/DerivedData/Argus-dciofsjewcrtqnafhqonvosebghg/Build/Intermediates.noindex/Argus.build/Debug-iphonesimulator/Argus.build/ssu --bundle-id com.andrews.Argus.Argus --product-path /Users/jandrews/Library/Developer/Xcode/DerivedData/Argus-dciofsjewcrtqnafhqonvosebghg/Build/Products/Debug-iphonesimulator/Argus.app --extracted-metadata-path /Users/jandrews/Library/Developer/Xcode/DerivedData/Argus-dciofsjewcrtqnafhqonvosebghg/Build/Products/Debug-iphonesimulator/Argus.app/Metadata.appintents --metadata-file-list /Users/jandrews/Library/Developer/Xcode/DerivedData/Argus-dciofsjewcrtqnafhqonvosebghg/Build/Intermediates.noindex/Argus.build/Debug-iphonesimulator/Argus.build/Argus.DependencyMetadataFileList --archive-ssu-assets
2025-10-07 17:41:27.539 appintentsnltrainingprocessor[66571:141407208] Parsing options for appintentsnltrainingprocessor
2025-10-07 17:41:27.539 appintentsnltrainingprocessor[66571:141407208] No AppShortcuts found - Skipping.

CodeSign /Users/jandrews/Library/Developer/Xcode/DerivedData/Argus-dciofsjewcrtqnafhqonvosebghg/Build/Products/Debug-iphonesimulator/Argus.app/Argus.debug.dylib (in target 'Argus' from project 'Argus')
    cd /Users/jandrews/devel/swift/Argus-app
    
    Signing Identity:     "Sign to Run Locally"
    
    /usr/bin/codesign --force --sign - --timestamp\=none --generate-entitlement-der /Users/jandrews/Library/Developer/Xcode/DerivedData/Argus-dciofsjewcrtqnafhqonvosebghg/Build/Products/Debug-iphonesimulator/Argus.app/Argus.debug.dylib

CodeSign /Users/jandrews/Library/Developer/Xcode/DerivedData/Argus-dciofsjewcrtqnafhqonvosebghg/Build/Products/Debug-iphonesimulator/Argus.app/__preview.dylib (in target 'Argus' from project 'Argus')
    cd /Users/jandrews/devel/swift/Argus-app
    
    Signing Identity:     "Sign to Run Locally"
    
    /usr/bin/codesign --force --sign - --timestamp\=none --generate-entitlement-der /Users/jandrews/Library/Developer/Xcode/DerivedData/Argus-dciofsjewcrtqnafhqonvosebghg/Build/Products/Debug-iphonesimulator/Argus.app/__preview.dylib

CodeSign /Users/jandrews/Library/Developer/Xcode/DerivedData/Argus-dciofsjewcrtqnafhqonvosebghg/Build/Products/Debug-iphonesimulator/Argus.app (in target 'Argus' from project 'Argus')
    cd /Users/jandrews/devel/swift/Argus-app
    
    Signing Identity:     "Sign to Run Locally"
    
    /usr/bin/codesign --force --sign - --entitlements /Users/jandrews/Library/Developer/Xcode/DerivedData/Argus-dciofsjewcrtqnafhqonvosebghg/Build/Intermediates.noindex/Argus.build/Debug-iphonesimulator/Argus.build/Argus.app.xcent --timestamp\=none --generate-entitlement-der /Users/jandrews/Library/Developer/Xcode/DerivedData/Argus-dciofsjewcrtqnafhqonvosebghg/Build/Products/Debug-iphonesimulator/Argus.app

RegisterExecutionPolicyException /Users/jandrews/Library/Developer/Xcode/DerivedData/Argus-dciofsjewcrtqnafhqonvosebghg/Build/Products/Debug-iphonesimulator/Argus.app (in target 'Argus' from project 'Argus')
    cd /Users/jandrews/devel/swift/Argus-app
    builtin-RegisterExecutionPolicyException /Users/jandrews/Library/Developer/Xcode/DerivedData/Argus-dciofsjewcrtqnafhqonvosebghg/Build/Products/Debug-iphonesimulator/Argus.app

Validate /Users/jandrews/Library/Developer/Xcode/DerivedData/Argus-dciofsjewcrtqnafhqonvosebghg/Build/Products/Debug-iphonesimulator/Argus.app (in target 'Argus' from project 'Argus')
    cd /Users/jandrews/devel/swift/Argus-app
    builtin-validationUtility /Users/jandrews/Library/Developer/Xcode/DerivedData/Argus-dciofsjewcrtqnafhqonvosebghg/Build/Products/Debug-iphonesimulator/Argus.app -shallow-bundle -infoplist-subpath Info.plist

Touch /Users/jandrews/Library/Developer/Xcode/DerivedData/Argus-dciofsjewcrtqnafhqonvosebghg/Build/Products/Debug-iphonesimulator/Argus.app (in target 'Argus' from project 'Argus')
    cd /Users/jandrews/devel/swift/Argus-app
    /usr/bin/touch -c /Users/jandrews/Library/Developer/Xcode/DerivedData/Argus-dciofsjewcrtqnafhqonvosebghg/Build/Products/Debug-iphonesimulator/Argus.app

** BUILD SUCCEEDED **

