Command line invocation:
    /Applications/Xcode.app/Contents/Developer/usr/bin/xcodebuild test -scheme Argus -destination "platform=iOS Simulator,id=DD439625-C73D-4D1A-9E8F-E99ADEE93CA0" "-only-testing:ArgusUITests/PerformanceTestSuite" "-only-testing:ArgusUITests/ArticleNavigationPerformanceTests"

Resolve Package Graph


Resolved source packages:
  SwiftyMarkdown: https://github.com/SimonFairbairn/SwiftyMarkdown.git @ 1.2.4

--- xcodebuild: WARNING: Using the first of multiple matching destinations:
{ platform:iOS Simulator, arch:arm64, id:DD439625-C73D-4D1A-9E8F-E99ADEE93CA0, OS:18.2, name:iPhone 16 Pro }
{ platform:iOS Simulator, arch:x86_64, id:DD439625-C73D-4D1A-9E8F-E99ADEE93CA0, OS:18.2, name:iPhone 16 Pro }
ComputePackagePrebuildTargetDependencyGraph

Prepare packages

CreateBuildRequest

SendProjectDescription

CreateBuildOperation

ComputeTargetDependencyGraph
note: Building targets in dependency order
note: Target dependency graph (5 targets)
    Target 'ArgusUITests' in project 'Argus'
        ➜ Explicit dependency on target 'Argus' in project 'Argus'
    Target 'ArgusTests' in project 'Argus'
        ➜ Explicit dependency on target 'Argus' in project 'Argus'
    Target 'Argus' in project 'Argus'
        ➜ Explicit dependency on target 'SwiftyMarkdown' in project 'SwiftyMarkdown'
    Target 'SwiftyMarkdown' in project 'SwiftyMarkdown'
        ➜ Explicit dependency on target 'SwiftyMarkdown' in project 'SwiftyMarkdown'
    Target 'SwiftyMarkdown' in project 'SwiftyMarkdown' (no dependencies)

GatherProvisioningInputs

CreateBuildDescription

ExecuteExternalTool /Applications/Xcode.app/Contents/Developer/Toolchains/XcodeDefault.xctoolchain/usr/bin/clang -v -E -dM -isysroot /Applications/Xcode.app/Contents/Developer/Platforms/iPhoneSimulator.platform/Developer/SDKs/iPhoneSimulator26.0.sdk -x c -c /dev/null

ExecuteExternalTool /Applications/Xcode.app/Contents/Developer/Toolchains/XcodeDefault.xctoolchain/usr/bin/swiftc --version

ExecuteExternalTool /Applications/Xcode.app/Contents/Developer/usr/bin/actool --print-asset-tag-combinations --output-format xml1 /Users/jandrews/devel/swift/Argus-app/Argus/Preview Content/Preview Assets.xcassets /Users/jandrews/devel/swift/Argus-app/Argus/Assets.xcassets

ExecuteExternalTool /Applications/Xcode.app/Contents/Developer/usr/bin/actool --version --output-format xml1

ExecuteExternalTool /Applications/Xcode.app/Contents/Developer/Toolchains/XcodeDefault.xctoolchain/usr/bin/ld -version_details

Build description signature: 220cf78642661123cb9a5fa8b9448f9d
Build description path: /Users/jandrews/Library/Developer/Xcode/DerivedData/Argus-dciofsjewcrtqnafhqonvosebghg/Build/Intermediates.noindex/XCBuildData/220cf78642661123cb9a5fa8b9448f9d.xcbuilddata
ClangStatCache /Applications/Xcode.app/Contents/Developer/Toolchains/XcodeDefault.xctoolchain/usr/bin/clang-stat-cache /Applications/Xcode.app/Contents/Developer/Platforms/iPhoneSimulator.platform/Developer/SDKs/iPhoneSimulator26.0.sdk /Users/jandrews/Library/Developer/Xcode/DerivedData/SDKStatCaches.noindex/iphonesimulator26.0-23A339-26257891a6c027eb51374368541b8346.sdkstatcache
    cd /Users/jandrews/devel/swift/Argus-app/Argus.xcodeproj
    /Applications/Xcode.app/Contents/Developer/Toolchains/XcodeDefault.xctoolchain/usr/bin/clang-stat-cache /Applications/Xcode.app/Contents/Developer/Platforms/iPhoneSimulator.platform/Developer/SDKs/iPhoneSimulator26.0.sdk -o /Users/jandrews/Library/Developer/Xcode/DerivedData/SDKStatCaches.noindex/iphonesimulator26.0-23A339-26257891a6c027eb51374368541b8346.sdkstatcache

note: Disabling hardened runtime with ad-hoc codesigning. (in target 'Argus' from project 'Argus')
ProcessProductPackaging /Users/jandrews/devel/swift/Argus-app/Argus/Argus.entitlements /Users/jandrews/Library/Developer/Xcode/DerivedData/Argus-dciofsjewcrtqnafhqonvosebghg/Build/Intermediates.noindex/Argus.build/Debug-iphonesimulator/Argus.build/Argus.app.xcent (in target 'Argus' from project 'Argus')
    cd /Users/jandrews/devel/swift/Argus-app
    
    Entitlements:
    
    {
}
    
    builtin-productPackagingUtility /Users/jandrews/devel/swift/Argus-app/Argus/Argus.entitlements -entitlements -format xml -o /Users/jandrews/Library/Developer/Xcode/DerivedData/Argus-dciofsjewcrtqnafhqonvosebghg/Build/Intermediates.noindex/Argus.build/Debug-iphonesimulator/Argus.build/Argus.app.xcent

ProcessProductPackaging /Users/jandrews/devel/swift/Argus-app/Argus/Argus.entitlements /Users/jandrews/Library/Developer/Xcode/DerivedData/Argus-dciofsjewcrtqnafhqonvosebghg/Build/Intermediates.noindex/Argus.build/Debug-iphonesimulator/Argus.build/Argus.app-Simulated.xcent (in target 'Argus' from project 'Argus')
    cd /Users/jandrews/devel/swift/Argus-app
    
    Entitlements:
    
    {
    "application-identifier" = "C6RPS3BGXX.com.andrews.Argus.Argus";
    "aps-environment" = production;
    "com.apple.developer.aps-environment" = production;
    "com.apple.developer.icloud-container-identifiers" =     (
        "iCloud.com.andrews.Argus.Argus"
    );
    "com.apple.developer.icloud-services" =     (
        CloudKit
    );
}
    
    builtin-productPackagingUtility /Users/jandrews/devel/swift/Argus-app/Argus/Argus.entitlements -entitlements -format xml -o /Users/jandrews/Library/Developer/Xcode/DerivedData/Argus-dciofsjewcrtqnafhqonvosebghg/Build/Intermediates.noindex/Argus.build/Debug-iphonesimulator/Argus.build/Argus.app-Simulated.xcent

ProcessProductPackagingDER /Users/jandrews/Library/Developer/Xcode/DerivedData/Argus-dciofsjewcrtqnafhqonvosebghg/Build/Intermediates.noindex/Argus.build/Debug-iphonesimulator/Argus.build/Argus.app-Simulated.xcent /Users/jandrews/Library/Developer/Xcode/DerivedData/Argus-dciofsjewcrtqnafhqonvosebghg/Build/Intermediates.noindex/Argus.build/Debug-iphonesimulator/Argus.build/Argus.app-Simulated.xcent.der (in target 'Argus' from project 'Argus')
    cd /Users/jandrews/devel/swift/Argus-app
    /usr/bin/derq query -f xml -i /Users/jandrews/Library/Developer/Xcode/DerivedData/Argus-dciofsjewcrtqnafhqonvosebghg/Build/Intermediates.noindex/Argus.build/Debug-iphonesimulator/Argus.build/Argus.app-Simulated.xcent -o /Users/jandrews/Library/Developer/Xcode/DerivedData/Argus-dciofsjewcrtqnafhqonvosebghg/Build/Intermediates.noindex/Argus.build/Debug-iphonesimulator/Argus.build/Argus.app-Simulated.xcent.der --raw

ProcessProductPackagingDER /Users/jandrews/Library/Developer/Xcode/DerivedData/Argus-dciofsjewcrtqnafhqonvosebghg/Build/Intermediates.noindex/Argus.build/Debug-iphonesimulator/Argus.build/Argus.app.xcent /Users/jandrews/Library/Developer/Xcode/DerivedData/Argus-dciofsjewcrtqnafhqonvosebghg/Build/Intermediates.noindex/Argus.build/Debug-iphonesimulator/Argus.build/Argus.app.xcent.der (in target 'Argus' from project 'Argus')
    cd /Users/jandrews/devel/swift/Argus-app
    /usr/bin/derq query -f xml -i /Users/jandrews/Library/Developer/Xcode/DerivedData/Argus-dciofsjewcrtqnafhqonvosebghg/Build/Intermediates.noindex/Argus.build/Debug-iphonesimulator/Argus.build/Argus.app.xcent -o /Users/jandrews/Library/Developer/Xcode/DerivedData/Argus-dciofsjewcrtqnafhqonvosebghg/Build/Intermediates.noindex/Argus.build/Debug-iphonesimulator/Argus.build/Argus.app.xcent.der --raw

Ld /Users/jandrews/Library/Developer/Xcode/DerivedData/Argus-dciofsjewcrtqnafhqonvosebghg/Build/Products/Debug-iphonesimulator/Argus.app/Argus.debug.dylib normal (in target 'Argus' from project 'Argus')
    cd /Users/jandrews/devel/swift/Argus-app
    /Applications/Xcode.app/Contents/Developer/Toolchains/XcodeDefault.xctoolchain/usr/bin/clang -Xlinker -reproducible -target arm64-apple-ios18.2-simulator -dynamiclib -isysroot /Applications/Xcode.app/Contents/Developer/Platforms/iPhoneSimulator.platform/Developer/SDKs/iPhoneSimulator26.0.sdk -O0 -L/Users/jandrews/Library/Developer/Xcode/DerivedData/Argus-dciofsjewcrtqnafhqonvosebghg/Build/Intermediates.noindex/EagerLinkingTBDs/Debug-iphonesimulator -L/Users/jandrews/Library/Developer/Xcode/DerivedData/Argus-dciofsjewcrtqnafhqonvosebghg/Build/Products/Debug-iphonesimulator -F/Users/jandrews/Library/Developer/Xcode/DerivedData/Argus-dciofsjewcrtqnafhqonvosebghg/Build/Intermediates.noindex/EagerLinkingTBDs/Debug-iphonesimulator -F/Users/jandrews/Library/Developer/Xcode/DerivedData/Argus-dciofsjewcrtqnafhqonvosebghg/Build/Products/Debug-iphonesimulator/PackageFrameworks -F/Users/jandrews/Library/Developer/Xcode/DerivedData/Argus-dciofsjewcrtqnafhqonvosebghg/Build/Products/Debug-iphonesimulator -filelist /Users/jandrews/Library/Developer/Xcode/DerivedData/Argus-dciofsjewcrtqnafhqonvosebghg/Build/Intermediates.noindex/Argus.build/Debug-iphonesimulator/Argus.build/Objects-normal/arm64/Argus.LinkFileList -install_name @rpath/Argus.debug.dylib -Xlinker -rpath -Xlinker /usr/lib/swift -Xlinker -rpath -Xlinker /Users/jandrews/Library/Developer/Xcode/DerivedData/Argus-dciofsjewcrtqnafhqonvosebghg/Build/Products/Debug-iphonesimulator/PackageFrameworks -Xlinker -rpath -Xlinker @executable_path/Frameworks -dead_strip -Xlinker -object_path_lto -Xlinker /Users/jandrews/Library/Developer/Xcode/DerivedData/Argus-dciofsjewcrtqnafhqonvosebghg/Build/Intermediates.noindex/Argus.build/Debug-iphonesimulator/Argus.build/Objects-normal/arm64/Argus_lto.o -rdynamic -Xlinker -no_deduplicate -Xlinker -objc_abi_version -Xlinker 2 -Xlinker -debug_variant -Xlinker -dependency_info -Xlinker /Users/jandrews/Library/Developer/Xcode/DerivedData/Argus-dciofsjewcrtqnafhqonvosebghg/Build/Intermediates.noindex/Argus.build/Debug-iphonesimulator/Argus.build/Objects-normal/arm64/Argus_dependency_info.dat -fobjc-link-runtime -fprofile-instr-generate -L/Applications/Xcode.app/Contents/Developer/Toolchains/XcodeDefault.xctoolchain/usr/lib/swift/iphonesimulator -L/usr/lib/swift -Xlinker -add_ast_path -Xlinker /Users/jandrews/Library/Developer/Xcode/DerivedData/Argus-dciofsjewcrtqnafhqonvosebghg/Build/Intermediates.noindex/Argus.build/Debug-iphonesimulator/Argus.build/Objects-normal/arm64/Argus.swiftmodule @/Users/jandrews/Library/Developer/Xcode/DerivedData/Argus-dciofsjewcrtqnafhqonvosebghg/Build/Intermediates.noindex/Argus.build/Debug-iphonesimulator/Argus.build/Objects-normal/arm64/Argus-linker-args.resp -Wl,-no_warn_duplicate_libraries -Xlinker -alias -Xlinker _main -Xlinker ___debug_main_executable_dylib_entry_point -Xlinker -no_adhoc_codesign -o /Users/jandrews/Library/Developer/Xcode/DerivedData/Argus-dciofsjewcrtqnafhqonvosebghg/Build/Products/Debug-iphonesimulator/Argus.app/Argus.debug.dylib -Xlinker -add_ast_path -Xlinker /Users/jandrews/Library/Developer/Xcode/DerivedData/Argus-dciofsjewcrtqnafhqonvosebghg/Build/Intermediates.noindex/SwiftyMarkdown.build/Debug-iphonesimulator/SwiftyMarkdown.build/Objects-normal/arm64/SwiftyMarkdown.swiftmodule @/Users/jandrews/Library/Developer/Xcode/DerivedData/Argus-dciofsjewcrtqnafhqonvosebghg/Build/Intermediates.noindex/SwiftyMarkdown.build/Debug-iphonesimulator/SwiftyMarkdown.build/Objects-normal/arm64/SwiftyMarkdown-linker-args.resp

ProcessProductPackaging "" /Users/jandrews/Library/Developer/Xcode/DerivedData/Argus-dciofsjewcrtqnafhqonvosebghg/Build/Intermediates.noindex/Argus.build/Debug-iphonesimulator/ArgusUITests.build/ArgusUITests.xctest-Simulated.xcent (in target 'ArgusUITests' from project 'Argus')
    cd /Users/jandrews/devel/swift/Argus-app
    
    Entitlements:
    
    {
    "application-identifier" = "C6RPS3BGXX.com.andrews.Argus.ArgusUITests.xctrunner";
    "keychain-access-groups" =     (
        "C6RPS3BGXX.com.andrews.Argus.ArgusUITests.xctrunner"
    );
}
    
    builtin-productPackagingUtility -entitlements -format xml -o /Users/jandrews/Library/Developer/Xcode/DerivedData/Argus-dciofsjewcrtqnafhqonvosebghg/Build/Intermediates.noindex/Argus.build/Debug-iphonesimulator/ArgusUITests.build/ArgusUITests.xctest-Simulated.xcent

ProcessInfoPlistFile /Users/jandrews/Library/Developer/Xcode/DerivedData/Argus-dciofsjewcrtqnafhqonvosebghg/Build/Products/Debug-iphonesimulator/Argus.app/Info.plist /Users/jandrews/devel/swift/Argus-app/Argus/Info.plist (in target 'Argus' from project 'Argus')
    cd /Users/jandrews/devel/swift/Argus-app
    builtin-infoPlistUtility /Users/jandrews/devel/swift/Argus-app/Argus/Info.plist -producttype com.apple.product-type.application -genpkginfo /Users/jandrews/Library/Developer/Xcode/DerivedData/Argus-dciofsjewcrtqnafhqonvosebghg/Build/Products/Debug-iphonesimulator/Argus.app/PkgInfo -expandbuildsettings -format binary -platform iphonesimulator -additionalcontentfile /Users/jandrews/Library/Developer/Xcode/DerivedData/Argus-dciofsjewcrtqnafhqonvosebghg/Build/Intermediates.noindex/Argus.build/Debug-iphonesimulator/Argus.build/assetcatalog_generated_info.plist -o /Users/jandrews/Library/Developer/Xcode/DerivedData/Argus-dciofsjewcrtqnafhqonvosebghg/Build/Products/Debug-iphonesimulator/Argus.app/Info.plist

ProcessProductPackagingDER /Users/jandrews/Library/Developer/Xcode/DerivedData/Argus-dciofsjewcrtqnafhqonvosebghg/Build/Intermediates.noindex/Argus.build/Debug-iphonesimulator/ArgusUITests.build/ArgusUITests.xctest-Simulated.xcent /Users/jandrews/Library/Developer/Xcode/DerivedData/Argus-dciofsjewcrtqnafhqonvosebghg/Build/Intermediates.noindex/Argus.build/Debug-iphonesimulator/ArgusUITests.build/ArgusUITests.xctest-Simulated.xcent.der (in target 'ArgusUITests' from project 'Argus')
    cd /Users/jandrews/devel/swift/Argus-app
    /usr/bin/derq query -f xml -i /Users/jandrews/Library/Developer/Xcode/DerivedData/Argus-dciofsjewcrtqnafhqonvosebghg/Build/Intermediates.noindex/Argus.build/Debug-iphonesimulator/ArgusUITests.build/ArgusUITests.xctest-Simulated.xcent -o /Users/jandrews/Library/Developer/Xcode/DerivedData/Argus-dciofsjewcrtqnafhqonvosebghg/Build/Intermediates.noindex/Argus.build/Debug-iphonesimulator/ArgusUITests.build/ArgusUITests.xctest-Simulated.xcent.der --raw

ConstructStubExecutorLinkFileList /Users/jandrews/Library/Developer/Xcode/DerivedData/Argus-dciofsjewcrtqnafhqonvosebghg/Build/Intermediates.noindex/Argus.build/Debug-iphonesimulator/Argus.build/Argus-ExecutorLinkFileList-normal-arm64.txt (in target 'Argus' from project 'Argus')
    cd /Users/jandrews/devel/swift/Argus-app
    construct-stub-executor-link-file-list /Users/jandrews/Library/Developer/Xcode/DerivedData/Argus-dciofsjewcrtqnafhqonvosebghg/Build/Products/Debug-iphonesimulator/Argus.app/Argus.debug.dylib /Applications/Xcode.app/Contents/Developer/Platforms/iPhoneSimulator.platform/Developer/usr/lib/libPreviewsJITStubExecutor_no_swift_entry_point.a /Applications/Xcode.app/Contents/Developer/Platforms/iPhoneSimulator.platform/Developer/usr/lib/libPreviewsJITStubExecutor.a --output /Users/jandrews/Library/Developer/Xcode/DerivedData/Argus-dciofsjewcrtqnafhqonvosebghg/Build/Intermediates.noindex/Argus.build/Debug-iphonesimulator/Argus.build/Argus-ExecutorLinkFileList-normal-arm64.txt
note: Using stub executor library with Swift entry point. (in target 'Argus' from project 'Argus')

Ld /Users/jandrews/Library/Developer/Xcode/DerivedData/Argus-dciofsjewcrtqnafhqonvosebghg/Build/Products/Debug-iphonesimulator/Argus.app/Argus normal (in target 'Argus' from project 'Argus')
    cd /Users/jandrews/devel/swift/Argus-app
    /Applications/Xcode.app/Contents/Developer/Toolchains/XcodeDefault.xctoolchain/usr/bin/clang -Xlinker -reproducible -target arm64-apple-ios18.2-simulator -isysroot /Applications/Xcode.app/Contents/Developer/Platforms/iPhoneSimulator.platform/Developer/SDKs/iPhoneSimulator26.0.sdk -O0 -L/Users/jandrews/Library/Developer/Xcode/DerivedData/Argus-dciofsjewcrtqnafhqonvosebghg/Build/Products/Debug-iphonesimulator -F/Users/jandrews/Library/Developer/Xcode/DerivedData/Argus-dciofsjewcrtqnafhqonvosebghg/Build/Products/Debug-iphonesimulator/PackageFrameworks -F/Users/jandrews/Library/Developer/Xcode/DerivedData/Argus-dciofsjewcrtqnafhqonvosebghg/Build/Products/Debug-iphonesimulator -Xlinker -rpath -Xlinker @executable_path -Xlinker -rpath -Xlinker /Users/jandrews/Library/Developer/Xcode/DerivedData/Argus-dciofsjewcrtqnafhqonvosebghg/Build/Products/Debug-iphonesimulator/PackageFrameworks -Xlinker -rpath -Xlinker @executable_path/Frameworks -rdynamic -Xlinker -no_deduplicate -Xlinker -objc_abi_version -Xlinker 2 -Xlinker -debug_variant -e ___debug_blank_executor_main -Xlinker -sectcreate -Xlinker __TEXT -Xlinker __debug_dylib -Xlinker /Users/jandrews/Library/Developer/Xcode/DerivedData/Argus-dciofsjewcrtqnafhqonvosebghg/Build/Intermediates.noindex/Argus.build/Debug-iphonesimulator/Argus.build/Argus-DebugDylibPath-normal-arm64.txt -Xlinker -sectcreate -Xlinker __TEXT -Xlinker __debug_instlnm -Xlinker /Users/jandrews/Library/Developer/Xcode/DerivedData/Argus-dciofsjewcrtqnafhqonvosebghg/Build/Intermediates.noindex/Argus.build/Debug-iphonesimulator/Argus.build/Argus-DebugDylibInstallName-normal-arm64.txt -Xlinker -filelist -Xlinker /Users/jandrews/Library/Developer/Xcode/DerivedData/Argus-dciofsjewcrtqnafhqonvosebghg/Build/Intermediates.noindex/Argus.build/Debug-iphonesimulator/Argus.build/Argus-ExecutorLinkFileList-normal-arm64.txt -Xlinker -sectcreate -Xlinker __TEXT -Xlinker __entitlements -Xlinker /Users/jandrews/Library/Developer/Xcode/DerivedData/Argus-dciofsjewcrtqnafhqonvosebghg/Build/Intermediates.noindex/Argus.build/Debug-iphonesimulator/Argus.build/Argus.app-Simulated.xcent -Xlinker -sectcreate -Xlinker __TEXT -Xlinker __ents_der -Xlinker /Users/jandrews/Library/Developer/Xcode/DerivedData/Argus-dciofsjewcrtqnafhqonvosebghg/Build/Intermediates.noindex/Argus.build/Debug-iphonesimulator/Argus.build/Argus.app-Simulated.xcent.der /Users/jandrews/Library/Developer/Xcode/DerivedData/Argus-dciofsjewcrtqnafhqonvosebghg/Build/Products/Debug-iphonesimulator/Argus.app/Argus.debug.dylib -Xlinker -no_adhoc_codesign -o /Users/jandrews/Library/Developer/Xcode/DerivedData/Argus-dciofsjewcrtqnafhqonvosebghg/Build/Products/Debug-iphonesimulator/Argus.app/Argus

CopySwiftLibs /Users/jandrews/Library/Developer/Xcode/DerivedData/Argus-dciofsjewcrtqnafhqonvosebghg/Build/Products/Debug-iphonesimulator/Argus.app (in target 'Argus' from project 'Argus')
    cd /Users/jandrews/devel/swift/Argus-app
    builtin-swiftStdLibTool --copy --verbose --sign - --scan-executable /Users/jandrews/Library/Developer/Xcode/DerivedData/Argus-dciofsjewcrtqnafhqonvosebghg/Build/Products/Debug-iphonesimulator/Argus.app/Argus.debug.dylib --scan-folder /Users/jandrews/Library/Developer/Xcode/DerivedData/Argus-dciofsjewcrtqnafhqonvosebghg/Build/Products/Debug-iphonesimulator/Argus.app/Frameworks --scan-folder /Users/jandrews/Library/Developer/Xcode/DerivedData/Argus-dciofsjewcrtqnafhqonvosebghg/Build/Products/Debug-iphonesimulator/Argus.app/PlugIns --scan-folder /Users/jandrews/Library/Developer/Xcode/DerivedData/Argus-dciofsjewcrtqnafhqonvosebghg/Build/Products/Debug-iphonesimulator/Argus.app/SystemExtensions --scan-folder /Users/jandrews/Library/Developer/Xcode/DerivedData/Argus-dciofsjewcrtqnafhqonvosebghg/Build/Products/Debug-iphonesimulator/Argus.app/Extensions --platform iphonesimulator --toolchain /Applications/Xcode.app/Contents/Developer/Toolchains/XcodeDefault.xctoolchain --destination /Users/jandrews/Library/Developer/Xcode/DerivedData/Argus-dciofsjewcrtqnafhqonvosebghg/Build/Products/Debug-iphonesimulator/Argus.app/Frameworks --strip-bitcode --strip-bitcode-tool /Applications/Xcode.app/Contents/Developer/Toolchains/XcodeDefault.xctoolchain/usr/bin/bitcode_strip --emit-dependency-info /Users/jandrews/Library/Developer/Xcode/DerivedData/Argus-dciofsjewcrtqnafhqonvosebghg/Build/Intermediates.noindex/Argus.build/Debug-iphonesimulator/Argus.build/SwiftStdLibToolInputDependencies.dep --filter-for-swift-os --back-deploy-swift-span

ExtractAppIntentsMetadata (in target 'Argus' from project 'Argus')
    cd /Users/jandrews/devel/swift/Argus-app
    /Applications/Xcode.app/Contents/Developer/Toolchains/XcodeDefault.xctoolchain/usr/bin/appintentsmetadataprocessor --toolchain-dir /Applications/Xcode.app/Contents/Developer/Toolchains/XcodeDefault.xctoolchain --module-name Argus --sdk-root /Applications/Xcode.app/Contents/Developer/Platforms/iPhoneSimulator.platform/Developer/SDKs/iPhoneSimulator26.0.sdk --xcode-version 17A400 --platform-family iOS --deployment-target 18.2 --bundle-identifier com.andrews.Argus.Argus --output /Users/jandrews/Library/Developer/Xcode/DerivedData/Argus-dciofsjewcrtqnafhqonvosebghg/Build/Products/Debug-iphonesimulator/Argus.app --target-triple arm64-apple-ios18.2-simulator --binary-file /Users/jandrews/Library/Developer/Xcode/DerivedData/Argus-dciofsjewcrtqnafhqonvosebghg/Build/Products/Debug-iphonesimulator/Argus.app/Argus --dependency-file /Users/jandrews/Library/Developer/Xcode/DerivedData/Argus-dciofsjewcrtqnafhqonvosebghg/Build/Intermediates.noindex/Argus.build/Debug-iphonesimulator/Argus.build/Objects-normal/arm64/Argus_dependency_info.dat --stringsdata-file /Users/jandrews/Library/Developer/Xcode/DerivedData/Argus-dciofsjewcrtqnafhqonvosebghg/Build/Intermediates.noindex/Argus.build/Debug-iphonesimulator/Argus.build/Objects-normal/arm64/ExtractedAppShortcutsMetadata.stringsdata --source-file-list /Users/jandrews/Library/Developer/Xcode/DerivedData/Argus-dciofsjewcrtqnafhqonvosebghg/Build/Intermediates.noindex/Argus.build/Debug-iphonesimulator/Argus.build/Objects-normal/arm64/Argus.SwiftFileList --metadata-file-list /Users/jandrews/Library/Developer/Xcode/DerivedData/Argus-dciofsjewcrtqnafhqonvosebghg/Build/Intermediates.noindex/Argus.build/Debug-iphonesimulator/Argus.build/Argus.DependencyMetadataFileList --static-metadata-file-list /Users/jandrews/Library/Developer/Xcode/DerivedData/Argus-dciofsjewcrtqnafhqonvosebghg/Build/Intermediates.noindex/Argus.build/Debug-iphonesimulator/Argus.build/Argus.DependencyStaticMetadataFileList --swift-const-vals-list /Users/jandrews/Library/Developer/Xcode/DerivedData/Argus-dciofsjewcrtqnafhqonvosebghg/Build/Intermediates.noindex/Argus.build/Debug-iphonesimulator/Argus.build/Objects-normal/arm64/Argus.SwiftConstValuesFileList --compile-time-extraction --deployment-aware-processing --validate-assistant-intents --no-app-shortcuts-localization
2025-10-07 13:23:17.965 appintentsmetadataprocessor[31564:140261795] Starting appintentsmetadataprocessor export
2025-10-07 13:23:17.967 appintentsmetadataprocessor[31564:140261795] warning: Metadata extraction skipped. No AppIntents.framework dependency found.

ProcessInfoPlistFile /Users/jandrews/Library/Developer/Xcode/DerivedData/Argus-dciofsjewcrtqnafhqonvosebghg/Build/Products/Debug-iphonesimulator/Argus.app/PlugIns/ArgusTests.xctest/Info.plist /Users/jandrews/Library/Developer/Xcode/DerivedData/Argus-dciofsjewcrtqnafhqonvosebghg/Build/Intermediates.noindex/Argus.build/Debug-iphonesimulator/ArgusTests.build/empty-ArgusTests.plist (in target 'ArgusTests' from project 'Argus')
    cd /Users/jandrews/devel/swift/Argus-app
    builtin-infoPlistUtility /Users/jandrews/Library/Developer/Xcode/DerivedData/Argus-dciofsjewcrtqnafhqonvosebghg/Build/Intermediates.noindex/Argus.build/Debug-iphonesimulator/ArgusTests.build/empty-ArgusTests.plist -producttype com.apple.product-type.bundle.unit-test -expandbuildsettings -format binary -platform iphonesimulator -o /Users/jandrews/Library/Developer/Xcode/DerivedData/Argus-dciofsjewcrtqnafhqonvosebghg/Build/Products/Debug-iphonesimulator/Argus.app/PlugIns/ArgusTests.xctest/Info.plist

Ld /Users/jandrews/Library/Developer/Xcode/DerivedData/Argus-dciofsjewcrtqnafhqonvosebghg/Build/Products/Debug-iphonesimulator/Argus.app/PlugIns/ArgusTests.xctest/ArgusTests normal (in target 'ArgusTests' from project 'Argus')
    cd /Users/jandrews/devel/swift/Argus-app
    /Applications/Xcode.app/Contents/Developer/Toolchains/XcodeDefault.xctoolchain/usr/bin/clang -Xlinker -reproducible -target arm64-apple-ios18.2-simulator -bundle -isysroot /Applications/Xcode.app/Contents/Developer/Platforms/iPhoneSimulator.platform/Developer/SDKs/iPhoneSimulator26.0.sdk -O0 -L/Users/jandrews/Library/Developer/Xcode/DerivedData/Argus-dciofsjewcrtqnafhqonvosebghg/Build/Intermediates.noindex/EagerLinkingTBDs/Debug-iphonesimulator -L/Users/jandrews/Library/Developer/Xcode/DerivedData/Argus-dciofsjewcrtqnafhqonvosebghg/Build/Products/Debug-iphonesimulator -L/Applications/Xcode.app/Contents/Developer/Platforms/iPhoneSimulator.platform/Developer/usr/lib -F/Users/jandrews/Library/Developer/Xcode/DerivedData/Argus-dciofsjewcrtqnafhqonvosebghg/Build/Intermediates.noindex/EagerLinkingTBDs/Debug-iphonesimulator -F/Users/jandrews/Library/Developer/Xcode/DerivedData/Argus-dciofsjewcrtqnafhqonvosebghg/Build/Products/Debug-iphonesimulator/PackageFrameworks -F/Users/jandrews/Library/Developer/Xcode/DerivedData/Argus-dciofsjewcrtqnafhqonvosebghg/Build/Products/Debug-iphonesimulator -iframework /Applications/Xcode.app/Contents/Developer/Platforms/iPhoneSimulator.platform/Developer/Library/Frameworks -iframework /Applications/Xcode.app/Contents/Developer/Platforms/iPhoneSimulator.platform/Developer/SDKs/iPhoneSimulator26.0.sdk/Developer/Library/Frameworks -filelist /Users/jandrews/Library/Developer/Xcode/DerivedData/Argus-dciofsjewcrtqnafhqonvosebghg/Build/Intermediates.noindex/Argus.build/Debug-iphonesimulator/ArgusTests.build/Objects-normal/arm64/ArgusTests.LinkFileList -Xlinker -rpath -Xlinker /usr/lib/swift -Xlinker -rpath -Xlinker /Users/jandrews/Library/Developer/Xcode/DerivedData/Argus-dciofsjewcrtqnafhqonvosebghg/Build/Products/Debug-iphonesimulator/PackageFrameworks -Xlinker -rpath -Xlinker @loader_path/Frameworks -Xlinker -rpath -Xlinker @executable_path/Frameworks -dead_strip -bundle_loader /Users/jandrews/Library/Developer/Xcode/DerivedData/Argus-dciofsjewcrtqnafhqonvosebghg/Build/Products/Debug-iphonesimulator/Argus.app/Argus -Xlinker -object_path_lto -Xlinker /Users/jandrews/Library/Developer/Xcode/DerivedData/Argus-dciofsjewcrtqnafhqonvosebghg/Build/Intermediates.noindex/Argus.build/Debug-iphonesimulator/ArgusTests.build/Objects-normal/arm64/ArgusTests_lto.o -rdynamic -Xlinker -no_deduplicate -Xlinker -objc_abi_version -Xlinker 2 -Xlinker -debug_variant -Xlinker -dependency_info -Xlinker /Users/jandrews/Library/Developer/Xcode/DerivedData/Argus-dciofsjewcrtqnafhqonvosebghg/Build/Intermediates.noindex/Argus.build/Debug-iphonesimulator/ArgusTests.build/Objects-normal/arm64/ArgusTests_dependency_info.dat -fobjc-link-runtime -fprofile-instr-generate -L/Applications/Xcode.app/Contents/Developer/Toolchains/XcodeDefault.xctoolchain/usr/lib/swift/iphonesimulator -L/usr/lib/swift -Xlinker -add_ast_path -Xlinker /Users/jandrews/Library/Developer/Xcode/DerivedData/Argus-dciofsjewcrtqnafhqonvosebghg/Build/Intermediates.noindex/Argus.build/Debug-iphonesimulator/ArgusTests.build/Objects-normal/arm64/ArgusTests.swiftmodule @/Users/jandrews/Library/Developer/Xcode/DerivedData/Argus-dciofsjewcrtqnafhqonvosebghg/Build/Intermediates.noindex/Argus.build/Debug-iphonesimulator/ArgusTests.build/Objects-normal/arm64/ArgusTests-linker-args.resp -Wl,-no_warn_duplicate_libraries -Xlinker -needed_framework -Xlinker XCTest -framework XCTest -Xlinker -needed-lXCTestSwiftSupport -lXCTestSwiftSupport /Users/jandrews/Library/Developer/Xcode/DerivedData/Argus-dciofsjewcrtqnafhqonvosebghg/Build/Products/Debug-iphonesimulator/Argus.app/Argus.debug.dylib -Xlinker -no_adhoc_codesign -o /Users/jandrews/Library/Developer/Xcode/DerivedData/Argus-dciofsjewcrtqnafhqonvosebghg/Build/Products/Debug-iphonesimulator/Argus.app/PlugIns/ArgusTests.xctest/ArgusTests

CopySwiftLibs /Users/jandrews/Library/Developer/Xcode/DerivedData/Argus-dciofsjewcrtqnafhqonvosebghg/Build/Products/Debug-iphonesimulator/Argus.app/PlugIns/ArgusTests.xctest (in target 'ArgusTests' from project 'Argus')
    cd /Users/jandrews/devel/swift/Argus-app
    builtin-swiftStdLibTool --copy --verbose --sign - --scan-executable /Users/jandrews/Library/Developer/Xcode/DerivedData/Argus-dciofsjewcrtqnafhqonvosebghg/Build/Products/Debug-iphonesimulator/Argus.app/PlugIns/ArgusTests.xctest/ArgusTests --scan-folder /Users/jandrews/Library/Developer/Xcode/DerivedData/Argus-dciofsjewcrtqnafhqonvosebghg/Build/Products/Debug-iphonesimulator/Argus.app/PlugIns/ArgusTests.xctest/Frameworks --scan-folder /Users/jandrews/Library/Developer/Xcode/DerivedData/Argus-dciofsjewcrtqnafhqonvosebghg/Build/Products/Debug-iphonesimulator/Argus.app/PlugIns/ArgusTests.xctest/PlugIns --scan-folder /Users/jandrews/Library/Developer/Xcode/DerivedData/Argus-dciofsjewcrtqnafhqonvosebghg/Build/Products/Debug-iphonesimulator/Argus.app/PlugIns/ArgusTests.xctest/SystemExtensions --scan-folder /Users/jandrews/Library/Developer/Xcode/DerivedData/Argus-dciofsjewcrtqnafhqonvosebghg/Build/Products/Debug-iphonesimulator/Argus.app/PlugIns/ArgusTests.xctest/Extensions --platform iphonesimulator --toolchain /Applications/Xcode.app/Contents/Developer/Toolchains/XcodeDefault.xctoolchain --destination /Users/jandrews/Library/Developer/Xcode/DerivedData/Argus-dciofsjewcrtqnafhqonvosebghg/Build/Products/Debug-iphonesimulator/Argus.app/PlugIns/ArgusTests.xctest/Frameworks --strip-bitcode --scan-executable /Applications/Xcode.app/Contents/Developer/Platforms/iPhoneSimulator.platform/Developer/usr/lib/libXCTestSwiftSupport.dylib --strip-bitcode-tool /Applications/Xcode.app/Contents/Developer/Toolchains/XcodeDefault.xctoolchain/usr/bin/bitcode_strip --emit-dependency-info /Users/jandrews/Library/Developer/Xcode/DerivedData/Argus-dciofsjewcrtqnafhqonvosebghg/Build/Intermediates.noindex/Argus.build/Debug-iphonesimulator/ArgusTests.build/SwiftStdLibToolInputDependencies.dep --filter-for-swift-os --back-deploy-swift-span

ExtractAppIntentsMetadata (in target 'ArgusTests' from project 'Argus')
    cd /Users/jandrews/devel/swift/Argus-app
    /Applications/Xcode.app/Contents/Developer/Toolchains/XcodeDefault.xctoolchain/usr/bin/appintentsmetadataprocessor --toolchain-dir /Applications/Xcode.app/Contents/Developer/Toolchains/XcodeDefault.xctoolchain --module-name ArgusTests --sdk-root /Applications/Xcode.app/Contents/Developer/Platforms/iPhoneSimulator.platform/Developer/SDKs/iPhoneSimulator26.0.sdk --xcode-version 17A400 --platform-family iOS --deployment-target 18.2 --bundle-identifier com.andrews.Argus.ArgusTests --output /Users/jandrews/Library/Developer/Xcode/DerivedData/Argus-dciofsjewcrtqnafhqonvosebghg/Build/Products/Debug-iphonesimulator/Argus.app/PlugIns/ArgusTests.xctest --target-triple arm64-apple-ios18.2-simulator --binary-file /Users/jandrews/Library/Developer/Xcode/DerivedData/Argus-dciofsjewcrtqnafhqonvosebghg/Build/Products/Debug-iphonesimulator/Argus.app/PlugIns/ArgusTests.xctest/ArgusTests --dependency-file /Users/jandrews/Library/Developer/Xcode/DerivedData/Argus-dciofsjewcrtqnafhqonvosebghg/Build/Intermediates.noindex/Argus.build/Debug-iphonesimulator/ArgusTests.build/Objects-normal/arm64/ArgusTests_dependency_info.dat --stringsdata-file /Users/jandrews/Library/Developer/Xcode/DerivedData/Argus-dciofsjewcrtqnafhqonvosebghg/Build/Intermediates.noindex/Argus.build/Debug-iphonesimulator/ArgusTests.build/Objects-normal/arm64/ExtractedAppShortcutsMetadata.stringsdata --source-file-list /Users/jandrews/Library/Developer/Xcode/DerivedData/Argus-dciofsjewcrtqnafhqonvosebghg/Build/Intermediates.noindex/Argus.build/Debug-iphonesimulator/ArgusTests.build/Objects-normal/arm64/ArgusTests.SwiftFileList --metadata-file-list /Users/jandrews/Library/Developer/Xcode/DerivedData/Argus-dciofsjewcrtqnafhqonvosebghg/Build/Intermediates.noindex/Argus.build/Debug-iphonesimulator/ArgusTests.build/ArgusTests.DependencyMetadataFileList --static-metadata-file-list /Users/jandrews/Library/Developer/Xcode/DerivedData/Argus-dciofsjewcrtqnafhqonvosebghg/Build/Intermediates.noindex/Argus.build/Debug-iphonesimulator/ArgusTests.build/ArgusTests.DependencyStaticMetadataFileList --swift-const-vals-list /Users/jandrews/Library/Developer/Xcode/DerivedData/Argus-dciofsjewcrtqnafhqonvosebghg/Build/Intermediates.noindex/Argus.build/Debug-iphonesimulator/ArgusTests.build/Objects-normal/arm64/ArgusTests.SwiftConstValuesFileList --compile-time-extraction --deployment-aware-processing --validate-assistant-intents --no-app-shortcuts-localization
2025-10-07 13:23:18.147 appintentsmetadataprocessor[31567:140261818] Starting appintentsmetadataprocessor export
2025-10-07 13:23:18.148 appintentsmetadataprocessor[31567:140261818] warning: Metadata extraction skipped. No AppIntents.framework dependency found.

CodeSign /Users/jandrews/Library/Developer/Xcode/DerivedData/Argus-dciofsjewcrtqnafhqonvosebghg/Build/Products/Debug-iphonesimulator/Argus.app/PlugIns/ArgusTests.xctest (in target 'ArgusTests' from project 'Argus')
    cd /Users/jandrews/devel/swift/Argus-app
    
    Signing Identity:     "Sign to Run Locally"
    
    /usr/bin/codesign --force --sign - --timestamp\=none --generate-entitlement-der /Users/jandrews/Library/Developer/Xcode/DerivedData/Argus-dciofsjewcrtqnafhqonvosebghg/Build/Products/Debug-iphonesimulator/Argus.app/PlugIns/ArgusTests.xctest

CodeSign /Users/jandrews/Library/Developer/Xcode/DerivedData/Argus-dciofsjewcrtqnafhqonvosebghg/Build/Products/Debug-iphonesimulator/Argus.app/Argus.debug.dylib (in target 'Argus' from project 'Argus')
    cd /Users/jandrews/devel/swift/Argus-app
    
    Signing Identity:     "Sign to Run Locally"
    
    /usr/bin/codesign --force --sign - --timestamp\=none --generate-entitlement-der /Users/jandrews/Library/Developer/Xcode/DerivedData/Argus-dciofsjewcrtqnafhqonvosebghg/Build/Products/Debug-iphonesimulator/Argus.app/Argus.debug.dylib

CodeSign /Users/jandrews/Library/Developer/Xcode/DerivedData/Argus-dciofsjewcrtqnafhqonvosebghg/Build/Products/Debug-iphonesimulator/Argus.app/__preview.dylib (in target 'Argus' from project 'Argus')
    cd /Users/jandrews/devel/swift/Argus-app
    
    Signing Identity:     "Sign to Run Locally"
    
    /usr/bin/codesign --force --sign - --timestamp\=none --generate-entitlement-der /Users/jandrews/Library/Developer/Xcode/DerivedData/Argus-dciofsjewcrtqnafhqonvosebghg/Build/Products/Debug-iphonesimulator/Argus.app/__preview.dylib
/Users/jandrews/Library/Developer/Xcode/DerivedData/Argus-dciofsjewcrtqnafhqonvosebghg/Build/Products/Debug-iphonesimulator/Argus.app/__preview.dylib: replacing existing signature

CodeSign /Users/jandrews/Library/Developer/Xcode/DerivedData/Argus-dciofsjewcrtqnafhqonvosebghg/Build/Products/Debug-iphonesimulator/Argus.app (in target 'Argus' from project 'Argus')
    cd /Users/jandrews/devel/swift/Argus-app
    
    Signing Identity:     "Sign to Run Locally"
    
    /usr/bin/codesign --force --sign - --entitlements /Users/jandrews/Library/Developer/Xcode/DerivedData/Argus-dciofsjewcrtqnafhqonvosebghg/Build/Intermediates.noindex/Argus.build/Debug-iphonesimulator/Argus.build/Argus.app.xcent --timestamp\=none --generate-entitlement-der /Users/jandrews/Library/Developer/Xcode/DerivedData/Argus-dciofsjewcrtqnafhqonvosebghg/Build/Products/Debug-iphonesimulator/Argus.app

Validate /Users/jandrews/Library/Developer/Xcode/DerivedData/Argus-dciofsjewcrtqnafhqonvosebghg/Build/Products/Debug-iphonesimulator/Argus.app (in target 'Argus' from project 'Argus')
    cd /Users/jandrews/devel/swift/Argus-app
    builtin-validationUtility /Users/jandrews/Library/Developer/Xcode/DerivedData/Argus-dciofsjewcrtqnafhqonvosebghg/Build/Products/Debug-iphonesimulator/Argus.app -shallow-bundle -infoplist-subpath Info.plist

ProcessInfoPlistFile /Users/jandrews/Library/Developer/Xcode/DerivedData/Argus-dciofsjewcrtqnafhqonvosebghg/Build/Products/Debug-iphonesimulator/ArgusUITests-Runner.app/PlugIns/ArgusUITests.xctest/Info.plist /Users/jandrews/Library/Developer/Xcode/DerivedData/Argus-dciofsjewcrtqnafhqonvosebghg/Build/Intermediates.noindex/Argus.build/Debug-iphonesimulator/ArgusUITests.build/empty-ArgusUITests.plist (in target 'ArgusUITests' from project 'Argus')
    cd /Users/jandrews/devel/swift/Argus-app
    builtin-infoPlistUtility /Users/jandrews/Library/Developer/Xcode/DerivedData/Argus-dciofsjewcrtqnafhqonvosebghg/Build/Intermediates.noindex/Argus.build/Debug-iphonesimulator/ArgusUITests.build/empty-ArgusUITests.plist -producttype com.apple.product-type.bundle.ui-testing -expandbuildsettings -format binary -platform iphonesimulator -additionalcontentfile /Users/jandrews/Library/Developer/Xcode/DerivedData/Argus-dciofsjewcrtqnafhqonvosebghg/Build/Intermediates.noindex/Argus.build/Debug-iphonesimulator/ArgusUITests.build/ProductTypeInfoPlistAdditions.plist -o /Users/jandrews/Library/Developer/Xcode/DerivedData/Argus-dciofsjewcrtqnafhqonvosebghg/Build/Products/Debug-iphonesimulator/ArgusUITests-Runner.app/PlugIns/ArgusUITests.xctest/Info.plist

Ld /Users/jandrews/Library/Developer/Xcode/DerivedData/Argus-dciofsjewcrtqnafhqonvosebghg/Build/Products/Debug-iphonesimulator/ArgusUITests-Runner.app/PlugIns/ArgusUITests.xctest/ArgusUITests normal (in target 'ArgusUITests' from project 'Argus')
    cd /Users/jandrews/devel/swift/Argus-app
    /Applications/Xcode.app/Contents/Developer/Toolchains/XcodeDefault.xctoolchain/usr/bin/clang -Xlinker -reproducible -target arm64-apple-ios18.2-simulator -bundle -isysroot /Applications/Xcode.app/Contents/Developer/Platforms/iPhoneSimulator.platform/Developer/SDKs/iPhoneSimulator26.0.sdk -O0 -L/Users/jandrews/Library/Developer/Xcode/DerivedData/Argus-dciofsjewcrtqnafhqonvosebghg/Build/Intermediates.noindex/EagerLinkingTBDs/Debug-iphonesimulator -L/Users/jandrews/Library/Developer/Xcode/DerivedData/Argus-dciofsjewcrtqnafhqonvosebghg/Build/Products/Debug-iphonesimulator -L/Applications/Xcode.app/Contents/Developer/Platforms/iPhoneSimulator.platform/Developer/usr/lib -F/Users/jandrews/Library/Developer/Xcode/DerivedData/Argus-dciofsjewcrtqnafhqonvosebghg/Build/Intermediates.noindex/EagerLinkingTBDs/Debug-iphonesimulator -F/Users/jandrews/Library/Developer/Xcode/DerivedData/Argus-dciofsjewcrtqnafhqonvosebghg/Build/Products/Debug-iphonesimulator -iframework /Applications/Xcode.app/Contents/Developer/Platforms/iPhoneSimulator.platform/Developer/Library/Frameworks -iframework /Applications/Xcode.app/Contents/Developer/Platforms/iPhoneSimulator.platform/Developer/SDKs/iPhoneSimulator26.0.sdk/Developer/Library/Frameworks -filelist /Users/jandrews/Library/Developer/Xcode/DerivedData/Argus-dciofsjewcrtqnafhqonvosebghg/Build/Intermediates.noindex/Argus.build/Debug-iphonesimulator/ArgusUITests.build/Objects-normal/arm64/ArgusUITests.LinkFileList -Xlinker -rpath -Xlinker /usr/lib/swift -Xlinker -rpath -Xlinker @loader_path/Frameworks -dead_strip -Xlinker -object_path_lto -Xlinker /Users/jandrews/Library/Developer/Xcode/DerivedData/Argus-dciofsjewcrtqnafhqonvosebghg/Build/Intermediates.noindex/Argus.build/Debug-iphonesimulator/ArgusUITests.build/Objects-normal/arm64/ArgusUITests_lto.o -rdynamic -Xlinker -no_deduplicate -Xlinker -objc_abi_version -Xlinker 2 -Xlinker -debug_variant -Xlinker -dependency_info -Xlinker /Users/jandrews/Library/Developer/Xcode/DerivedData/Argus-dciofsjewcrtqnafhqonvosebghg/Build/Intermediates.noindex/Argus.build/Debug-iphonesimulator/ArgusUITests.build/Objects-normal/arm64/ArgusUITests_dependency_info.dat -fobjc-link-runtime -fprofile-instr-generate -L/Applications/Xcode.app/Contents/Developer/Toolchains/XcodeDefault.xctoolchain/usr/lib/swift/iphonesimulator -L/usr/lib/swift -Xlinker -add_ast_path -Xlinker /Users/jandrews/Library/Developer/Xcode/DerivedData/Argus-dciofsjewcrtqnafhqonvosebghg/Build/Intermediates.noindex/Argus.build/Debug-iphonesimulator/ArgusUITests.build/Objects-normal/arm64/ArgusUITests.swiftmodule @/Users/jandrews/Library/Developer/Xcode/DerivedData/Argus-dciofsjewcrtqnafhqonvosebghg/Build/Intermediates.noindex/Argus.build/Debug-iphonesimulator/ArgusUITests.build/Objects-normal/arm64/ArgusUITests-linker-args.resp -Xlinker -needed_framework -Xlinker XCTest -framework XCTest -Xlinker -needed-lXCTestSwiftSupport -lXCTestSwiftSupport -Xlinker -sectcreate -Xlinker __TEXT -Xlinker __entitlements -Xlinker /Users/jandrews/Library/Developer/Xcode/DerivedData/Argus-dciofsjewcrtqnafhqonvosebghg/Build/Intermediates.noindex/Argus.build/Debug-iphonesimulator/ArgusUITests.build/ArgusUITests.xctest-Simulated.xcent -Xlinker -sectcreate -Xlinker __TEXT -Xlinker __ents_der -Xlinker /Users/jandrews/Library/Developer/Xcode/DerivedData/Argus-dciofsjewcrtqnafhqonvosebghg/Build/Intermediates.noindex/Argus.build/Debug-iphonesimulator/ArgusUITests.build/ArgusUITests.xctest-Simulated.xcent.der -Xlinker -no_adhoc_codesign -o /Users/jandrews/Library/Developer/Xcode/DerivedData/Argus-dciofsjewcrtqnafhqonvosebghg/Build/Products/Debug-iphonesimulator/ArgusUITests-Runner.app/PlugIns/ArgusUITests.xctest/ArgusUITests

CopySwiftLibs /Users/jandrews/Library/Developer/Xcode/DerivedData/Argus-dciofsjewcrtqnafhqonvosebghg/Build/Products/Debug-iphonesimulator/ArgusUITests-Runner.app/PlugIns/ArgusUITests.xctest (in target 'ArgusUITests' from project 'Argus')
    cd /Users/jandrews/devel/swift/Argus-app
    builtin-swiftStdLibTool --copy --verbose --sign - --scan-executable /Users/jandrews/Library/Developer/Xcode/DerivedData/Argus-dciofsjewcrtqnafhqonvosebghg/Build/Products/Debug-iphonesimulator/ArgusUITests-Runner.app/PlugIns/ArgusUITests.xctest/ArgusUITests --scan-folder /Users/jandrews/Library/Developer/Xcode/DerivedData/Argus-dciofsjewcrtqnafhqonvosebghg/Build/Products/Debug-iphonesimulator/ArgusUITests-Runner.app/PlugIns/ArgusUITests.xctest/Frameworks --scan-folder /Users/jandrews/Library/Developer/Xcode/DerivedData/Argus-dciofsjewcrtqnafhqonvosebghg/Build/Products/Debug-iphonesimulator/ArgusUITests-Runner.app/PlugIns/ArgusUITests.xctest/PlugIns --scan-folder /Users/jandrews/Library/Developer/Xcode/DerivedData/Argus-dciofsjewcrtqnafhqonvosebghg/Build/Products/Debug-iphonesimulator/ArgusUITests-Runner.app/PlugIns/ArgusUITests.xctest/SystemExtensions --scan-folder /Users/jandrews/Library/Developer/Xcode/DerivedData/Argus-dciofsjewcrtqnafhqonvosebghg/Build/Products/Debug-iphonesimulator/ArgusUITests-Runner.app/PlugIns/ArgusUITests.xctest/Extensions --platform iphonesimulator --toolchain /Applications/Xcode.app/Contents/Developer/Toolchains/XcodeDefault.xctoolchain --destination /Users/jandrews/Library/Developer/Xcode/DerivedData/Argus-dciofsjewcrtqnafhqonvosebghg/Build/Products/Debug-iphonesimulator/ArgusUITests-Runner.app/PlugIns/ArgusUITests.xctest/Frameworks --strip-bitcode --scan-executable /Applications/Xcode.app/Contents/Developer/Platforms/iPhoneSimulator.platform/Developer/usr/lib/libXCTestSwiftSupport.dylib --strip-bitcode-tool /Applications/Xcode.app/Contents/Developer/Toolchains/XcodeDefault.xctoolchain/usr/bin/bitcode_strip --emit-dependency-info /Users/jandrews/Library/Developer/Xcode/DerivedData/Argus-dciofsjewcrtqnafhqonvosebghg/Build/Intermediates.noindex/Argus.build/Debug-iphonesimulator/ArgusUITests.build/SwiftStdLibToolInputDependencies.dep --filter-for-swift-os --back-deploy-swift-span

ExtractAppIntentsMetadata (in target 'ArgusUITests' from project 'Argus')
    cd /Users/jandrews/devel/swift/Argus-app
    /Applications/Xcode.app/Contents/Developer/Toolchains/XcodeDefault.xctoolchain/usr/bin/appintentsmetadataprocessor --toolchain-dir /Applications/Xcode.app/Contents/Developer/Toolchains/XcodeDefault.xctoolchain --module-name ArgusUITests --sdk-root /Applications/Xcode.app/Contents/Developer/Platforms/iPhoneSimulator.platform/Developer/SDKs/iPhoneSimulator26.0.sdk --xcode-version 17A400 --platform-family iOS --deployment-target 18.2 --bundle-identifier com.andrews.Argus.ArgusUITests --output /Users/jandrews/Library/Developer/Xcode/DerivedData/Argus-dciofsjewcrtqnafhqonvosebghg/Build/Products/Debug-iphonesimulator/ArgusUITests-Runner.app/PlugIns/ArgusUITests.xctest --target-triple arm64-apple-ios18.2-simulator --binary-file /Users/jandrews/Library/Developer/Xcode/DerivedData/Argus-dciofsjewcrtqnafhqonvosebghg/Build/Products/Debug-iphonesimulator/ArgusUITests-Runner.app/PlugIns/ArgusUITests.xctest/ArgusUITests --dependency-file /Users/jandrews/Library/Developer/Xcode/DerivedData/Argus-dciofsjewcrtqnafhqonvosebghg/Build/Intermediates.noindex/Argus.build/Debug-iphonesimulator/ArgusUITests.build/Objects-normal/arm64/ArgusUITests_dependency_info.dat --stringsdata-file /Users/jandrews/Library/Developer/Xcode/DerivedData/Argus-dciofsjewcrtqnafhqonvosebghg/Build/Intermediates.noindex/Argus.build/Debug-iphonesimulator/ArgusUITests.build/Objects-normal/arm64/ExtractedAppShortcutsMetadata.stringsdata --source-file-list /Users/jandrews/Library/Developer/Xcode/DerivedData/Argus-dciofsjewcrtqnafhqonvosebghg/Build/Intermediates.noindex/Argus.build/Debug-iphonesimulator/ArgusUITests.build/Objects-normal/arm64/ArgusUITests.SwiftFileList --metadata-file-list /Users/jandrews/Library/Developer/Xcode/DerivedData/Argus-dciofsjewcrtqnafhqonvosebghg/Build/Intermediates.noindex/Argus.build/Debug-iphonesimulator/ArgusUITests.build/ArgusUITests.DependencyMetadataFileList --static-metadata-file-list /Users/jandrews/Library/Developer/Xcode/DerivedData/Argus-dciofsjewcrtqnafhqonvosebghg/Build/Intermediates.noindex/Argus.build/Debug-iphonesimulator/ArgusUITests.build/ArgusUITests.DependencyStaticMetadataFileList --swift-const-vals-list /Users/jandrews/Library/Developer/Xcode/DerivedData/Argus-dciofsjewcrtqnafhqonvosebghg/Build/Intermediates.noindex/Argus.build/Debug-iphonesimulator/ArgusUITests.build/Objects-normal/arm64/ArgusUITests.SwiftConstValuesFileList --compile-time-extraction --deployment-aware-processing --validate-assistant-intents --no-app-shortcuts-localization
2025-10-07 13:23:18.573 appintentsmetadataprocessor[31576:140261879] Starting appintentsmetadataprocessor export
2025-10-07 13:23:18.574 appintentsmetadataprocessor[31576:140261879] warning: Metadata extraction skipped. No AppIntents.framework dependency found.

CodeSign /Users/jandrews/Library/Developer/Xcode/DerivedData/Argus-dciofsjewcrtqnafhqonvosebghg/Build/Products/Debug-iphonesimulator/ArgusUITests-Runner.app/PlugIns/ArgusUITests.xctest (in target 'ArgusUITests' from project 'Argus')
    cd /Users/jandrews/devel/swift/Argus-app
    
    Signing Identity:     "Sign to Run Locally"
    
    /usr/bin/codesign --force --sign - --timestamp\=none --generate-entitlement-der /Users/jandrews/Library/Developer/Xcode/DerivedData/Argus-dciofsjewcrtqnafhqonvosebghg/Build/Products/Debug-iphonesimulator/ArgusUITests-Runner.app/PlugIns/ArgusUITests.xctest

2025-10-07 13:23:43.885 xcodebuild[31508:140261466] [MT] IDELaunchReport: 2427c2769fe1cf00:2427c2769fe1cf00: Finished with error: Simulator device failed to install the application.
Domain: IXErrorDomain
Code: 2
Failure Reason: Failed to create promise.
User Info: {
    DVTErrorCreationDateKey = "2025-10-07 11:23:43 +0000";
    FunctionName = "+[IXPlaceholder _placeholderForBundle:client:withParent:installType:metadata:placeholderType:mayBeDeltaPackage:isFromSerializedPlaceholder:error:]";
    IDERunOperationFailingWorker = IDELaunchiPhoneSimulatorLauncher;
    SimCallingSelector = "installApplication:withOptions:error:";
    SourceFileLine = 775;
}
--
Failed to set metadata for com.andrews.Argus.Argus
Domain: IXErrorDomain
Code: 2
Failure Reason: Failed to create promise.
User Info: {
    FunctionName = "+[IXPlaceholder _placeholderForBundle:client:withParent:installType:metadata:placeholderType:mayBeDeltaPackage:isFromSerializedPlaceholder:error:]";
    SourceFileLine = 775;
}
--
Couldn’t communicate with a helper application.
Domain: NSCocoaErrorDomain
Code: 4097
Recovery Suggestion: Try your operation again. If that fails, quit and relaunch the application and try again.
User Info: {
    NSDebugDescription = "connection to service named com.apple.installcoordinationd";
}
--

2025-10-07 13:23:43.885 xcodebuild[31508:140261466] [MT] IDELaunchReport: 2427c2769fe1cf00:2427c2769fe1cf00: com.apple.dt.IDERunOperationWorkerFinished {
    "device_identifier" = "DD439625-C73D-4D1A-9E8F-E99ADEE93CA0";
    "device_model" = "iPhone17,1";
    "device_osBuild" = "18.2 (22C150)";
    "device_osBuild_monotonic" = 2202015000;
    "device_os_variant" = 1;
    "device_platform" = "com.apple.platform.iphonesimulator";
    "device_platform_family" = 2;
    "device_reality" = 2;
    "device_thinningType" = "iPhone17,1";
    "device_transport" = 4;
    "launchSession_schemeCommand" = Test;
    "launchSession_schemeCommand_enum" = 2;
    "launchSession_targetArch" = arm64;
    "launchSession_targetArch_enum" = 6;
    "operation_duration_ms" = 505;
    "operation_errorCode" = 2;
    "operation_errorDomain" = IXErrorDomain;
    "operation_errorWorker" = IDELaunchiPhoneSimulatorLauncher;
    "operation_error_reportable" = 1;
    "operation_name" = IDERunOperationWorkerGroup;
    "param_consoleMode" = 0;
    "param_debugger_attachToExtensions" = 0;
    "param_debugger_attachToXPC" = 0;
    "param_debugger_type" = 1;
    "param_destination_isProxy" = 0;
    "param_destination_platform" = "com.apple.platform.iphonesimulator";
    "param_diag_MTE_enable" = 0;
    "param_diag_MainThreadChecker_stopOnIssue" = 0;
    "param_diag_MallocStackLogging_enableDuringAttach" = 0;
    "param_diag_MallocStackLogging_enableForXPC" = 0;
    "param_diag_allowLocationSimulation" = 0;
    "param_diag_checker_mtc_enable" = 0;
    "param_diag_checker_tpc_enable" = 1;
    "param_diag_gpu_frameCapture_enable" = 3;
    "param_diag_gpu_shaderValidation_enable" = 0;
    "param_diag_gpu_validation_enable" = 1;
    "param_diag_guardMalloc_enable" = 0;
    "param_diag_memoryGraphOnResourceException" = 0;
    "param_diag_queueDebugging_enable" = 1;
    "param_diag_runtimeProfile_generate" = 1;
    "param_diag_sanitizer_asan_enable" = 0;
    "param_diag_sanitizer_tsan_enable" = 0;
    "param_diag_sanitizer_tsan_stopOnIssue" = 0;
    "param_diag_sanitizer_ubsan_enable" = 0;
    "param_diag_sanitizer_ubsan_stopOnIssue" = 0;
    "param_diag_showNonLocalizedStrings" = 0;
    "param_diag_viewDebugging_enabled" = 0;
    "param_diag_viewDebugging_insertDylibOnLaunch" = 0;
    "param_install_style" = 2;
    "param_launcher_UID" = 2;
    "param_launcher_allowDeviceSensorReplayData" = 0;
    "param_launcher_kind" = 0;
    "param_launcher_style" = 0;
    "param_launcher_substyle" = 0;
    "param_lldbVersion_component_idx_1" = 0;
    "param_lldbVersion_monotonic" = 170300310002;
    "param_runnable_appExtensionHostRunMode" = 0;
    "param_testing_launchedForTesting" = 1;
    "param_testing_suppressSimulatorApp" = 1;
    "param_testing_usingCLI" = 0;
    "sdk_canonicalName" = "iphonesimulator26.0";
    "sdk_osVersion" = "26.0";
    "sdk_platformID" = 7;
    "sdk_variant" = iphonesimulator;
    "sdk_version_monotonic" = 2300033900;
}
